2026-04-05 09:58:57,373 | pyspark_streaming/bronze | INFO | Creating spark session
2026-04-05 09:58:57,376 | pyspark_streaming/bronze | INFO | Spark session created successfully
2026-04-05 09:58:57,377 | pyspark_streaming/bronze | INFO | Reading from kafka
2026-04-05 09:58:57,378 | pyspark_streaming/bronze | INFO | Read data from kafka successfully
2026-04-05 09:58:57,379 | pyspark_streaming/bronze | INFO | Parsing kafka data
2026-04-05 09:58:57,380 | pyspark_streaming/bronze | INFO | Kafka data parsed successfully
2026-04-05 09:58:57,381 | pyspark_streaming/bronze | INFO | Starting write stream to Delta
2026-04-05 09:58:58,682 | pyspark_streaming/bronze | INFO | Streaming query started successfully
2026-04-11 19:36:48,291 | pyspark_streaming/bronze | INFO | Creating spark session
2026-04-11 19:36:48,293 | pyspark_streaming/bronze | INFO | Spark session created successfully
2026-04-11 19:36:48,294 | pyspark_streaming/bronze | INFO | Reading from kafka
2026-04-11 19:36:48,295 | pyspark_streaming/bronze | INFO | Read data from kafka successfully
2026-04-11 19:36:48,295 | pyspark_streaming/bronze | INFO | Parsing kafka data
2026-04-11 19:36:48,296 | pyspark_streaming/bronze | INFO | Kafka data parsed successfully
2026-04-11 19:36:48,297 | pyspark_streaming/bronze | INFO | Starting write stream to Delta
2026-04-11 19:36:50,007 | pyspark_streaming/bronze | INFO | Streaming query started successfully
2026-04-11 19:45:14,607 | pyspark_streaming/bronze | INFO | Creating spark session
2026-04-11 19:45:14,610 | pyspark_streaming/bronze | INFO | Spark session created successfully
2026-04-11 19:45:14,610 | pyspark_streaming/bronze | INFO | Reading from kafka
2026-04-11 19:45:14,611 | pyspark_streaming/bronze | INFO | Read data from kafka successfully
2026-04-11 19:45:14,613 | pyspark_streaming/bronze | INFO | Parsing kafka data
2026-04-11 19:45:14,614 | pyspark_streaming/bronze | INFO | Kafka data parsed successfully
2026-04-11 19:45:14,615 | pyspark_streaming/bronze | INFO | Starting write stream to Delta
2026-04-11 19:45:15,560 | pyspark_streaming/bronze | INFO | Streaming query started successfully
2026-04-11 19:45:18,227 | pyspark_streaming/bronze | ERROR | Error while starting streaming write: [STREAM_FAILED] Query [id = 5584eef6-9db3-49cd-9147-483c03f5b98e, runId = 6bf40920-ed7d-4f75-9d0f-8b2a6f3451c0] terminated with exception: [DELTA_METADATA_MISMATCH] A metadata mismatch was detected when writing to the Delta table.
- A schema mismatch detected when writing to the Delta table (Table ID: 7831103a-de04-4071-b217-57d8e3dd1f21).
To enable schema migration using DataFrameWriter or DataStreamWriter, please set: '.option("mergeSchema", "true")'.
For other operations, set the session configuration spark.databricks.delta.schema.autoMerge.enabled to "true". See the documentation specific to the operation for details.

Table schema:
root
 |-- event_id: string (nullable = true)
 |-- transaction_id: string (nullable = true)
 |-- customer_id: integer (nullable = true)
 |-- merchant_id: integer (nullable = true)
 |-- product_id: integer (nullable = true)
 |-- product_name: string (nullable = true)
 |-- quantity: integer (nullable = true)
 |-- unit_price: double (nullable = true)
 |-- gross_amount: double (nullable = true)
 |-- discount_amount: double (nullable = true)
 |-- tax_amount: double (nullable = true)
 |-- net_amount: double (nullable = true)
 |-- payment_method: string (nullable = true)
 |-- city: string (nullable = true)
 |-- device_type: string (nullable = true)
 |-- event_type: string (nullable = true)
 |-- transaction_status: string (nullable = true)
 |-- event_time: string (nullable = true)
 |-- ingestion_time: string (nullable = true)
 |-- topic: string (nullable = true)
 |-- partition: integer (nullable = true)
 |-- offset: long (nullable = true)
 |-- kafka_timestamp: timestamp (nullable = true)


Data schema:
root
 |-- event_id: string (nullable = true)
 |-- transaction_id: string (nullable = true)
 |-- customer_id: integer (nullable = true)
 |-- merchant_id: integer (nullable = true)
 |-- product_id: integer (nullable = true)
 |-- product_name: string (nullable = true)
 |-- quantity: integer (nullable = true)
 |-- unit_price: double (nullable = true)
 |-- gross_amount: double (nullable = true)
 |-- discount_amount: double (nullable = true)
 |-- tax_amount: double (nullable = true)
 |-- net_amount: double (nullable = true)
 |-- payment_method: string (nullable = true)
 |-- city: string (nullable = true)
 |-- device_type: string (nullable = true)
 |-- event_type: string (nullable = true)
 |-- transaction_status: string (nullable = true)
 |-- event_time: string (nullable = true)
 |-- ingestion_time: string (nullable = true)
 |-- topic: string (nullable = true)
 |-- partition: integer (nullable = true)
 |-- offset: long (nullable = true)
 |-- kafka_timestamp: timestamp (nullable = true)
 |-- currency: string (nullable = true)
 |-- exchange_rate: double (nullable = true)
 |-- profit_amount: double (nullable = true)
 |-- cost_price: double (nullable = true)
 |-- order_status: string (nullable = true)
 |-- payment_status: string (nullable = true)
 |-- delivery_status: string (nullable = true)
 |-- refund_amount: double (nullable = true)
 |-- customer_segment: string (nullable = true)
 |-- is_first_purchase: string (nullable = true)
 |-- session_id: string (nullable = true)
 |-- state: string (nullable = true)
 |-- country: string (nullable = true)
 |-- zip_code: string (nullable = true)


- Table ACLs are enabled in this cluster, so automatic schema migration is not allowed. Please use the ALTER TABLE command for changing the schema. SQLSTATE: XXKST
=== Streaming Query ===
Identifier: [id = 5584eef6-9db3-49cd-9147-483c03f5b98e, runId = 6bf40920-ed7d-4f75-9d0f-8b2a6f3451c0]
Current Start Offsets: {KafkaV2[Subscribe[transactions]]: {"transactions":{"0":3250,"1":3350,"2":2851,"3":3850,"4":3450,"5":2650}}}
Current End Offsets: {KafkaV2[Subscribe[transactions]]: {"transactions":{"0":3250,"1":3350,"2":2851,"3":3850,"4":3450,"5":2650}}}

Current State: ACTIVE
Thread State: RUNNABLE

Logical Plan:
~WriteToMicroBatchDataSourceV1 `workspace`.`default`.`bronze_transactions`, DeltaSink[s3://dbstorage-prod-cpgdo/uc/3caf84d5-b3d7-4fa6-a0e4-69f50d7c5d27/8dbdb134-53db-41c4-a8c1-a01b8d04aacf/__unitystorage/catalogs/8af0af66-b28c-4b17-9c21-d4a5a323e3d0/tables/d20a61b9-3ce2-4323-a1ff-5970d0ec9b94], 5584eef6-9db3-49cd-9147-483c03f5b98e, [checkpointLocation=/Volumes/workspace/transaction_data_pipeline/bronze/checkpoints/bronze_transactions, path=s3://dbstorage-prod-cpgdo/uc/3caf84d5-b3d7-4fa6-a0e4-69f50d7c5d27/8dbdb134-53db-41c4-a8c1-a01b8d04aacf/__unitystorage/catalogs/8af0af66-b28c-4b17-9c21-d4a5a323e3d0/tables/d20a61b9-3ce2-4323-a1ff-5970d0ec9b94], Append
+- ~Project [data#13092.event_id AS event_id#13093, data#13092.transaction_id AS transaction_id#13094, data#13092.customer_id AS customer_id#13095, data#13092.merchant_id AS merchant_id#13096, data#13092.product_id AS product_id#13097, data#13092.product_name AS product_name#13098, data#13092.quantity AS quantity#13099, data#13092.unit_price AS unit_price#13100, data#13092.gross_amount AS gross_amount#13101, data#13092.discount_amount AS discount_amount#13102, data#13092.tax_amount AS tax_amount#13103, data#13092.net_amount AS net_amount#13104, data#13092.payment_method AS payment_method#13105, data#13092.city AS city#13106, data#13092.device_type AS device_type#13107, data#13092.event_type AS event_type#13108, data#13092.transaction_status AS transaction_status#13109, data#13092.event_time AS event_time#13110, data#13092.ingestion_time AS ingestion_time#13111, data#13092.currency AS currency#13112, data#13092.exchange_rate AS exchange_rate#13113, data#13092.profit_amount AS profit_amount#13114, data#13092.cost_price AS cost_price#13115, data#13092.order_status AS order_status#13116, data#13092.payment_status AS payment_status#13117, ... 12 more fields]
   +- ~Project [json_value#13089, topic#13084, partition#13085, offset#13086L, kafka_timestamp#13090, from_json(StructField(event_id,StringType,true), StructField(transaction_id,StringType,true), StructField(customer_id,IntegerType,true), StructField(merchant_id,IntegerType,true), StructField(product_id,IntegerType,true), StructField(product_name,StringType,true), StructField(quantity,IntegerType,true), StructField(unit_price,DoubleType,true), StructField(gross_amount,DoubleType,true), StructField(discount_amount,DoubleType,true), StructField(tax_amount,DoubleType,true), StructField(net_amount,DoubleType,true), StructField(payment_method,StringType,true), StructField(city,StringType,true), StructField(device_type,StringType,true), StructField(event_type,StringType,true), StructField(transaction_status,StringType,true), StructField(event_time,StringType,true), StructField(ingestion_time,StringType,true), StructField(currency,StringType,true), StructField(exchange_rate,DoubleType,true), StructField(profit_amount,DoubleType,true), StructField(cost_price,DoubleType,true), StructField(order_status,StringType,true), StructField(payment_status,StringType,true), ... 12 more fields) AS data#13092]
      +- ~Project [cast(value#13083 as string) AS json_value#13089, topic#13084, partition#13085, offset#13086L, timestamp#13087 AS kafka_timestamp#13090]
         +- ~StreamingDataSourceV2ScanRelation[key#13082, value#13083, topic#13084, partition#13085, offset#13086L, timestamp#13087, timestampType#13088] KafkaTable


Physical Plan:
PhotonResultStage
+- PhotonColumnarToRow
   +- PhotonProject [data#13092.event_id AS event_id#13093, data#13092.transaction_id AS transaction_id#13094, data#13092.customer_id AS customer_id#13095, data#13092.merchant_id AS merchant_id#13096, data#13092.product_id AS product_id#13097, data#13092.product_name AS product_name#13098, data#13092.quantity AS quantity#13099, data#13092.unit_price AS unit_price#13100, data#13092.gross_amount AS gross_amount#13101, data#13092.discount_amount AS discount_amount#13102, data#13092.tax_amount AS tax_amount#13103, data#13092.net_amount AS net_amount#13104, data#13092.payment_method AS payment_method#13105, data#13092.city AS city#13106, data#13092.device_type AS device_type#13107, data#13092.event_type AS event_type#13108, data#13092.transaction_status AS transaction_status#13109, data#13092.event_time AS event_time#13110, data#13092.ingestion_time AS ingestion_time#13111, data#13092.currency AS currency#13112, data#13092.exchange_rate AS exchange_rate#13113, data#13092.profit_amount AS profit_amount#13114, data#13092.cost_price AS cost_price#13115, data#13092.order_status AS order_status#13116, data#13092.payment_status AS payment_status#13117, ... 12 more fields]
      +- PhotonProject [topic#13084, partition#13085, offset#13086L, timestamp#13087 AS kafka_timestamp#13090, from_json(StructField(event_id,StringType,true), StructField(transaction_id,StringType,true), StructField(customer_id,IntegerType,true), StructField(merchant_id,IntegerType,true), StructField(product_id,IntegerType,true), StructField(product_name,StringType,true), StructField(quantity,IntegerType,true), StructField(unit_price,DoubleType,true), StructField(gross_amount,DoubleType,true), StructField(discount_amount,DoubleType,true), StructField(tax_amount,DoubleType,true), StructField(net_amount,DoubleType,true), StructField(payment_method,StringType,true), StructField(city,StringType,true), StructField(device_type,StringType,true), StructField(event_type,StringType,true), StructField(transaction_status,StringType,true), StructField(event_time,StringType,true), StructField(ingestion_time,StringType,true), StructField(currency,StringType,true), StructField(exchange_rate,DoubleType,true), StructField(profit_amount,DoubleType,true), StructField(cost_price,DoubleType,true), StructField(order_status,StringType,true), StructField(payment_status,StringType,true), ... 12 more fields) AS data#13092]
         +- PhotonRowToColumnar
            +- MicroBatchScan[key#13082, value#13083, topic#13084, partition#13085, offset#13086L, timestamp#13087, timestampType#13088] class org.apache.spark.sql.kafka010.KafkaSourceProvider$KafkaScan


JVM stacktrace:
org.apache.spark.sql.streaming.StreamingQueryException
	at org.apache.spark.sql.execution.streaming.runtime.StreamExecution.$anonfun$runStream$1(StreamExecution.scala:589)
	at scala.runtime.java8.JFunction0$mcV$sp.apply(JFunction0$mcV$sp.scala:18)
	at com.databricks.logging.AttributionContextTracing.$anonfun$withAttributionContext$1(AttributionContextTracing.scala:147)
	at com.databricks.logging.AttributionContext$.$anonfun$withValue$1(AttributionContext.scala:349)
	at scala.util.DynamicVariable.withValue(DynamicVariable.scala:59)
	at com.databricks.logging.AttributionContext$.withValue(AttributionContext.scala:345)
	at com.databricks.logging.AttributionContextTracing.withAttributionContext(AttributionContextTracing.scala:145)
	at com.databricks.logging.AttributionContextTracing.withAttributionContext$(AttributionContextTracing.scala:142)
	at com.databricks.spark.util.PublicDBLogging.withAttributionContext(DatabricksSparkUsageLogger.scala:29)
	at com.databricks.logging.AttributionContextTracing.withAttributionTags(AttributionContextTracing.scala:202)
	at com.databricks.logging.AttributionContextTracing.withAttributionTags$(AttributionContextTracing.scala:183)
	at com.databricks.spark.util.PublicDBLogging.withAttributionTags(DatabricksSparkUsageLogger.scala:29)
	at com.databricks.spark.util.PublicDBLogging.withAttributionTags0(DatabricksSparkUsageLogger.scala:108)
	at com.databricks.spark.util.DatabricksSparkUsageLogger.withAttributionTags(DatabricksSparkUsageLogger.scala:215)
	at com.databricks.spark.util.UsageLogging.$anonfun$withAttributionTags$1(UsageLogger.scala:668)
	at com.databricks.spark.util.UsageLogging$.withAttributionTags(UsageLogger.scala:780)
	at com.databricks.spark.util.UsageLogging$.withAttributionTags(UsageLogger.scala:789)
	at com.databricks.spark.util.UsageLogging.withAttributionTags(UsageLogger.scala:668)
	at com.databricks.spark.util.UsageLogging.withAttributionTags$(UsageLogger.scala:666)
	at org.apache.spark.sql.execution.streaming.runtime.StreamExecution.withAttributionTags(StreamExecution.scala:96)
	at org.apache.spark.sql.execution.streaming.runtime.StreamExecution.org$apache$spark$sql$execution$streaming$runtime$StreamExecution$$runStream(StreamExecution.scala:386)
	at org.apache.spark.sql.execution.streaming.runtime.StreamExecution$$anon$1.$anonfun$run$2(StreamExecution.scala:305)
	at scala.runtime.java8.JFunction0$mcV$sp.apply(JFunction0$mcV$sp.scala:18)
	at com.databricks.unity.UCSEphemeralState$Handle.runWith(UCSEphemeralState.scala:51)
	at com.databricks.unity.HandleImpl.runWith(UCSHandle.scala:104)
	at com.databricks.unity.HandleImpl.$anonfun$runWithAndClose$1(UCSHandle.scala:109)
	at scala.util.Using$.resource(Using.scala:296)
	at com.databricks.unity.HandleImpl.runWithAndClose(UCSHandle.scala:108)
	at org.apache.spark.sql.execution.streaming.runtime.StreamExecution$$anon$1.run(StreamExecution.scala:305)
Caused by: com.databricks.sql.transaction.tahoe.DeltaAnalysisExceptionWithSubErrors: [DELTA_METADATA_MISMATCH] A metadata mismatch was detected when writing to the Delta table.
- A schema mismatch detected when writing to the Delta table (Table ID: 7831103a-de04-4071-b217-57d8e3dd1f21).
To enable schema migration using DataFrameWriter or DataStreamWriter, please set: '.option("mergeSchema", "true")'.
For other operations, set the session configuration spark.databricks.delta.schema.autoMerge.enabled to "true". See the documentation specific to the operation for details.

Table schema:
root
 |-- event_id: string (nullable = true)
 |-- transaction_id: string (nullable = true)
 |-- customer_id: integer (nullable = true)
 |-- merchant_id: integer (nullable = true)
 |-- product_id: integer (nullable = true)
 |-- product_name: string (nullable = true)
 |-- quantity: integer (nullable = true)
 |-- unit_price: double (nullable = true)
 |-- gross_amount: double (nullable = true)
 |-- discount_amount: double (nullable = true)
 |-- tax_amount: double (nullable = true)
 |-- net_amount: double (nullable = true)
 |-- payment_method: string (nullable = true)
 |-- city: string (nullable = true)
 |-- device_type: string (nullable = true)
 |-- event_type: string (nullable = true)
 |-- transaction_status: string (nullable = true)
 |-- event_time: string (nullable = true)
 |-- ingestion_time: string (nullable = true)
 |-- topic: string (nullable = true)
 |-- partition: integer (nullable = true)
 |-- offset: long (nullable = true)
 |-- kafka_timestamp: timestamp (nullable = true)


Data schema:
root
 |-- event_id: string (nullable = true)
 |-- transaction_id: string (nullable = true)
 |-- customer_id: integer (nullable = true)
 |-- merchant_id: integer (nullable = true)
 |-- product_id: integer (nullable = true)
 |-- product_name: string (nullable = true)
 |-- quantity: integer (nullable = true)
 |-- unit_price: double (nullable = true)
 |-- gross_amount: double (nullable = true)
 |-- discount_amount: double (nullable = true)
 |-- tax_amount: double (nullable = true)
 |-- net_amount: double (nullable = true)
 |-- payment_method: string (nullable = true)
 |-- city: string (nullable = true)
 |-- device_type: string (nullable = true)
 |-- event_type: string (nullable = true)
 |-- transaction_status: string (nullable = true)
 |-- event_time: string (nullable = true)
 |-- ingestion_time: string (nullable = true)
 |-- topic: string (nullable = true)
 |-- partition: integer (nullable = true)
 |-- offset: long (nullable = true)
 |-- kafka_timestamp: timestamp (nullable = true)
 |-- currency: string (nullable = true)
 |-- exchange_rate: double (nullable = true)
 |-- profit_amount: double (nullable = true)
 |-- cost_price: double (nullable = true)
 |-- order_status: string (nullable = true)
 |-- payment_status: string (nullable = true)
 |-- delivery_status: string (nullable = true)
 |-- refund_amount: double (nullable = true)
 |-- customer_segment: string (nullable = true)
 |-- is_first_purchase: string (nullable = true)
 |-- session_id: string (nullable = true)
 |-- state: string (nullable = true)
 |-- country: string (nullable = true)
 |-- zip_code: string (nullable = true)


- Table ACLs are enabled in this cluster, so automatic schema migration is not allowed. Please use the ALTER TABLE command for changing the schema.
	at com.databricks.sql.transaction.tahoe.MetadataMismatchErrorBuilder.finalizeAndThrow(DeltaErrors.scala:4486)
	at com.databricks.sql.transaction.tahoe.schema.ImplicitMetadataOperation.updateMetadata(ImplicitMetadataOperation.scala:232)
	at com.databricks.sql.transaction.tahoe.schema.ImplicitMetadataOperation.updateMetadata$(ImplicitMetadataOperation.scala:92)
	at com.databricks.sql.transaction.tahoe.sources.DeltaSink.updateMetadata(DeltaSink.scala:85)
	at com.databricks.sql.transaction.tahoe.sources.DeltaSink.init(DeltaSink.scala:268)
	at org.apache.spark.sql.execution.streaming.runtime.MicroBatchExecution.runBatch(MicroBatchExecution.scala:2704)
	at org.apache.spark.sql.execution.streaming.runtime.MicroBatchExecution.$anonfun$executeOneBatch$6(MicroBatchExecution.scala:1299)
	at org.apache.spark.sql.execution.streaming.runtime.MicroBatchExecution.handleDataSourceException(MicroBatchExecution.scala:3615)
	at org.apache.spark.sql.execution.streaming.runtime.MicroBatchExecution.$anonfun$executeOneBatch$5(MicroBatchExecution.scala:1299)
	at org.apache.spark.sql.execution.streaming.runtime.MicroBatchExecution.withSchemaEvolution(MicroBatchExecution.scala:3560)
	at org.apache.spark.sql.execution.streaming.runtime.MicroBatchExecution.$anonfun$executeOneBatch$4(MicroBatchExecution.scala:1295)
	at scala.runtime.java8.JFunction0$mcV$sp.apply(JFunction0$mcV$sp.scala:18)
	at com.databricks.spark.util.FrameProfiler$.$anonfun$record$1(FrameProfiler.scala:114)
	at com.databricks.spark.util.FrameProfilerExporter$.maybeExportFrameProfiler(FrameProfilerExporter.scala:201)
	at com.databricks.spark.util.FrameProfiler$.record(FrameProfiler.scala:105)
	at org.apache.spark.sql.execution.streaming.runtime.ProgressContext.reportTimeTaken(ProgressReporter.scala:340)
	at org.apache.spark.sql.execution.streaming.runtime.MicroBatchExecution.$anonfun$executeOneBatch$3(MicroBatchExecution.scala:1248)
	at scala.runtime.java8.JFunction0$mcV$sp.apply(JFunction0$mcV$sp.scala:18)
	at com.databricks.logging.AttributionContextTracing.$anonfun$withAttributionContext$1(AttributionContextTracing.scala:147)
	at com.databricks.logging.AttributionContext$.$anonfun$withValue$1(AttributionContext.scala:349)
	at scala.util.DynamicVariable.withValue(DynamicVariable.scala:59)
	at com.databricks.logging.AttributionContext$.withValue(AttributionContext.scala:345)
	at com.databricks.logging.AttributionContextTracing.withAttributionContext(AttributionContextTracing.scala:145)
	at com.databricks.logging.AttributionContextTracing.withAttributionContext$(AttributionContextTracing.scala:142)
	at com.databricks.spark.util.PublicDBLogging.withAttributionContext(DatabricksSparkUsageLogger.scala:29)
	at com.databricks.logging.AttributionContextTracing.withAttributionTags(AttributionContextTracing.scala:202)
	at com.databricks.logging.AttributionContextTracing.withAttributionTags$(AttributionContextTracing.scala:183)
	at com.databricks.spark.util.PublicDBLogging.withAttributionTags(DatabricksSparkUsageLogger.scala:29)
	at com.databricks.spark.util.PublicDBLogging.withAttributionTags0(DatabricksSparkUsageLogger.scala:108)
	at com.databricks.spark.util.DatabricksSparkUsageLogger.withAttributionTags(DatabricksSparkUsageLogger.scala:215)
	at com.databricks.spark.util.UsageLogging.$anonfun$withAttributionTags$1(UsageLogger.scala:668)
	at com.databricks.spark.util.UsageLogging$.withAttributionTags(UsageLogger.scala:780)
	at com.databricks.spark.util.UsageLogging$.withAttributionTags(UsageLogger.scala:789)
	at com.databricks.spark.util.UsageLogging.withAttributionTags(UsageLogger.scala:668)
	at com.databricks.spark.util.UsageLogging.withAttributionTags$(UsageLogger.scala:666)
	at org.apache.spark.sql.execution.streaming.runtime.StreamExecution.withAttributionTags(StreamExecution.scala:96)
	at org.apache.spark.sql.execution.streaming.runtime.MicroBatchExecution.executeOneBatch(MicroBatchExecution.scala:1242)
	at org.apache.spark.sql.execution.streaming.runtime.MicroBatchExecution.$anonfun$runActivatedStreamWithListener$1(MicroBatchExecution.scala:1203)
	at org.apache.spark.sql.execution.streaming.runtime.MicroBatchExecution.$anonfun$runActivatedStreamWithListener$1$adapted(MicroBatchExecution.scala:1203)
	at org.apache.spark.sql.execution.streaming.runtime.ConcurrentExecutor.$anonfun$runOneBatch$4(TriggerExecutor.scala:663)
	at org.apache.spark.util.threads.SparkThreadLocalCapturingRunnable.$anonfun$run$1(SparkThreadLocalForwardingThreadPoolExecutor.scala:171)
	at scala.runtime.java8.JFunction0$mcV$sp.apply(JFunction0$mcV$sp.scala:18)
	at com.databricks.spark.util.DBRTracing$.withSpanFromParent(DBRTracing.scala:70)
	at org.apache.spark.util.threads.SparkThreadLocalCapturingHelper.$anonfun$runWithCaptured$7(SparkThreadLocalForwardingThreadPoolExecutor.scala:124)
	at com.databricks.util.LexicalThreadLocal$Handle.runWith(LexicalThreadLocal.scala:63)
	at org.apache.spark.util.threads.SparkThreadLocalCapturingHelper.$anonfun$runWithCaptured$6(SparkThreadLocalForwardingThreadPoolExecutor.scala:123)
	at com.databricks.sql.transaction.tahoe.mst.MSTThreadHelper$.runWithMSTContext(MSTThreadHelper.scala:60)
	at org.apache.spark.util.threads.SparkThreadLocalCapturingHelper.$anonfun$runWithCaptured$5(SparkThreadLocalForwardingThreadPoolExecutor.scala:120)
	at com.databricks.spark.util.IdentityClaim$.withClaim(IdentityClaim.scala:48)
	at org.apache.spark.util.threads.SparkThreadLocalCapturingHelper.$anonfun$runWithCaptured$4(SparkThreadLocalForwardingThreadPoolExecutor.scala:119)
	at com.databricks.unity.UCSEphemeralState$Handle.runWith(UCSEphemeralState.scala:51)
	at org.apache.spark.util.threads.SparkThreadLocalCapturingHelper.runWithCaptured(SparkThreadLocalForwardingThreadPoolExecutor.scala:118)
	at org.apache.spark.util.threads.SparkThreadLocalCapturingHelper.runWithCaptured$(SparkThreadLocalForwardingThreadPoolExecutor.scala:95)
	at org.apache.spark.util.threads.SparkThreadLocalCapturingRunnable.runWithCaptured(SparkThreadLocalForwardingThreadPoolExecutor.scala:168)
	at org.apache.spark.util.threads.SparkThreadLocalCapturingRunnable.run(SparkThreadLocalForwardingThreadPoolExecutor.scala:171)
	at java.util.concurrent.ThreadPoolExecutor.runWorker(ThreadPoolExecutor.java:1136)
	at java.util.concurrent.ThreadPoolExecutor$Worker.run(ThreadPoolExecutor.java:635)
	at java.lang.Thread.run(Thread.java:840)
Traceback (most recent call last):
  File "/Workspace/Repos/gnavin478@gmail.com/Realtime-Transaction-Pipeline/pyspark_streaming/bronze/bronze_ingest.py", line 130, in write_to_delta
    query.awaitTermination()
  File "/databricks/python/lib/python3.12/site-packages/pyspark/sql/connect/streaming/query.py", line 100, in awaitTermination
    self._execute_streaming_query_cmd(cmd)
  File "/databricks/python/lib/python3.12/site-packages/pyspark/sql/connect/streaming/query.py", line 188, in _execute_streaming_query_cmd
    (_, properties, _) = self._session.client.execute_command(exec_cmd)
                         ^^^^^^^^^^^^^^^^^^^^^^^^^^^^^^^^^^^^^^^^^^^^^^
  File "/databricks/python/lib/python3.12/site-packages/pyspark/sql/connect/client/core.py", line 1538, in execute_command
    data, _, metrics, observed_metrics, properties = self._execute_and_fetch(
                                                     ^^^^^^^^^^^^^^^^^^^^^^^^
  File "/databricks/python/lib/python3.12/site-packages/pyspark/sql/connect/client/core.py", line 2086, in _execute_and_fetch
    for response in self._execute_and_fetch_as_iterator(
  File "/databricks/python/lib/python3.12/site-packages/pyspark/sql/connect/client/core.py", line 2062, in _execute_and_fetch_as_iterator
    self._handle_error(error)
  File "/databricks/python/lib/python3.12/site-packages/pyspark/sql/connect/client/core.py", line 2380, in _handle_error
    self._handle_rpc_error(error)
  File "/databricks/python/lib/python3.12/site-packages/pyspark/sql/connect/client/core.py", line 2458, in _handle_rpc_error
    raise convert_exception(
pyspark.errors.exceptions.connect.StreamingQueryException: [STREAM_FAILED] Query [id = 5584eef6-9db3-49cd-9147-483c03f5b98e, runId = 6bf40920-ed7d-4f75-9d0f-8b2a6f3451c0] terminated with exception: [DELTA_METADATA_MISMATCH] A metadata mismatch was detected when writing to the Delta table.
- A schema mismatch detected when writing to the Delta table (Table ID: 7831103a-de04-4071-b217-57d8e3dd1f21).
To enable schema migration using DataFrameWriter or DataStreamWriter, please set: '.option("mergeSchema", "true")'.
For other operations, set the session configuration spark.databricks.delta.schema.autoMerge.enabled to "true". See the documentation specific to the operation for details.

Table schema:
root
 |-- event_id: string (nullable = true)
 |-- transaction_id: string (nullable = true)
 |-- customer_id: integer (nullable = true)
 |-- merchant_id: integer (nullable = true)
 |-- product_id: integer (nullable = true)
 |-- product_name: string (nullable = true)
 |-- quantity: integer (nullable = true)
 |-- unit_price: double (nullable = true)
 |-- gross_amount: double (nullable = true)
 |-- discount_amount: double (nullable = true)
 |-- tax_amount: double (nullable = true)
 |-- net_amount: double (nullable = true)
 |-- payment_method: string (nullable = true)
 |-- city: string (nullable = true)
 |-- device_type: string (nullable = true)
 |-- event_type: string (nullable = true)
 |-- transaction_status: string (nullable = true)
 |-- event_time: string (nullable = true)
 |-- ingestion_time: string (nullable = true)
 |-- topic: string (nullable = true)
 |-- partition: integer (nullable = true)
 |-- offset: long (nullable = true)
 |-- kafka_timestamp: timestamp (nullable = true)


Data schema:
root
 |-- event_id: string (nullable = true)
 |-- transaction_id: string (nullable = true)
 |-- customer_id: integer (nullable = true)
 |-- merchant_id: integer (nullable = true)
 |-- product_id: integer (nullable = true)
 |-- product_name: string (nullable = true)
 |-- quantity: integer (nullable = true)
 |-- unit_price: double (nullable = true)
 |-- gross_amount: double (nullable = true)
 |-- discount_amount: double (nullable = true)
 |-- tax_amount: double (nullable = true)
 |-- net_amount: double (nullable = true)
 |-- payment_method: string (nullable = true)
 |-- city: string (nullable = true)
 |-- device_type: string (nullable = true)
 |-- event_type: string (nullable = true)
 |-- transaction_status: string (nullable = true)
 |-- event_time: string (nullable = true)
 |-- ingestion_time: string (nullable = true)
 |-- topic: string (nullable = true)
 |-- partition: integer (nullable = true)
 |-- offset: long (nullable = true)
 |-- kafka_timestamp: timestamp (nullable = true)
 |-- currency: string (nullable = true)
 |-- exchange_rate: double (nullable = true)
 |-- profit_amount: double (nullable = true)
 |-- cost_price: double (nullable = true)
 |-- order_status: string (nullable = true)
 |-- payment_status: string (nullable = true)
 |-- delivery_status: string (nullable = true)
 |-- refund_amount: double (nullable = true)
 |-- customer_segment: string (nullable = true)
 |-- is_first_purchase: string (nullable = true)
 |-- session_id: string (nullable = true)
 |-- state: string (nullable = true)
 |-- country: string (nullable = true)
 |-- zip_code: string (nullable = true)


- Table ACLs are enabled in this cluster, so automatic schema migration is not allowed. Please use the ALTER TABLE command for changing the schema. SQLSTATE: XXKST
=== Streaming Query ===
Identifier: [id = 5584eef6-9db3-49cd-9147-483c03f5b98e, runId = 6bf40920-ed7d-4f75-9d0f-8b2a6f3451c0]
Current Start Offsets: {KafkaV2[Subscribe[transactions]]: {"transactions":{"0":3250,"1":3350,"2":2851,"3":3850,"4":3450,"5":2650}}}
Current End Offsets: {KafkaV2[Subscribe[transactions]]: {"transactions":{"0":3250,"1":3350,"2":2851,"3":3850,"4":3450,"5":2650}}}

Current State: ACTIVE
Thread State: RUNNABLE

Logical Plan:
~WriteToMicroBatchDataSourceV1 `workspace`.`default`.`bronze_transactions`, DeltaSink[s3://dbstorage-prod-cpgdo/uc/3caf84d5-b3d7-4fa6-a0e4-69f50d7c5d27/8dbdb134-53db-41c4-a8c1-a01b8d04aacf/__unitystorage/catalogs/8af0af66-b28c-4b17-9c21-d4a5a323e3d0/tables/d20a61b9-3ce2-4323-a1ff-5970d0ec9b94], 5584eef6-9db3-49cd-9147-483c03f5b98e, [checkpointLocation=/Volumes/workspace/transaction_data_pipeline/bronze/checkpoints/bronze_transactions, path=s3://dbstorage-prod-cpgdo/uc/3caf84d5-b3d7-4fa6-a0e4-69f50d7c5d27/8dbdb134-53db-41c4-a8c1-a01b8d04aacf/__unitystorage/catalogs/8af0af66-b28c-4b17-9c21-d4a5a323e3d0/tables/d20a61b9-3ce2-4323-a1ff-5970d0ec9b94], Append
+- ~Project [data#13092.event_id AS event_id#13093, data#13092.transaction_id AS transaction_id#13094, data#13092.customer_id AS customer_id#13095, data#13092.merchant_id AS merchant_id#13096, data#13092.product_id AS product_id#13097, data#13092.product_name AS product_name#13098, data#13092.quantity AS quantity#13099, data#13092.unit_price AS unit_price#13100, data#13092.gross_amount AS gross_amount#13101, data#13092.discount_amount AS discount_amount#13102, data#13092.tax_amount AS tax_amount#13103, data#13092.net_amount AS net_amount#13104, data#13092.payment_method AS payment_method#13105, data#13092.city AS city#13106, data#13092.device_type AS device_type#13107, data#13092.event_type AS event_type#13108, data#13092.transaction_status AS transaction_status#13109, data#13092.event_time AS event_time#13110, data#13092.ingestion_time AS ingestion_time#13111, data#13092.currency AS currency#13112, data#13092.exchange_rate AS exchange_rate#13113, data#13092.profit_amount AS profit_amount#13114, data#13092.cost_price AS cost_price#13115, data#13092.order_status AS order_status#13116, data#13092.payment_status AS payment_status#13117, ... 12 more fields]
   +- ~Project [json_value#13089, topic#13084, partition#13085, offset#13086L, kafka_timestamp#13090, from_json(StructField(event_id,StringType,true), StructField(transaction_id,StringType,true), StructField(customer_id,IntegerType,true), StructField(merchant_id,IntegerType,true), StructField(product_id,IntegerType,true), StructField(product_name,StringType,true), StructField(quantity,IntegerType,true), StructField(unit_price,DoubleType,true), StructField(gross_amount,DoubleType,true), StructField(discount_amount,DoubleType,true), StructField(tax_amount,DoubleType,true), StructField(net_amount,DoubleType,true), StructField(payment_method,StringType,true), StructField(city,StringType,true), StructField(device_type,StringType,true), StructField(event_type,StringType,true), StructField(transaction_status,StringType,true), StructField(event_time,StringType,true), StructField(ingestion_time,StringType,true), StructField(currency,StringType,true), StructField(exchange_rate,DoubleType,true), StructField(profit_amount,DoubleType,true), StructField(cost_price,DoubleType,true), StructField(order_status,StringType,true), StructField(payment_status,StringType,true), ... 12 more fields) AS data#13092]
      +- ~Project [cast(value#13083 as string) AS json_value#13089, topic#13084, partition#13085, offset#13086L, timestamp#13087 AS kafka_timestamp#13090]
         +- ~StreamingDataSourceV2ScanRelation[key#13082, value#13083, topic#13084, partition#13085, offset#13086L, timestamp#13087, timestampType#13088] KafkaTable


Physical Plan:
PhotonResultStage
+- PhotonColumnarToRow
   +- PhotonProject [data#13092.event_id AS event_id#13093, data#13092.transaction_id AS transaction_id#13094, data#13092.customer_id AS customer_id#13095, data#13092.merchant_id AS merchant_id#13096, data#13092.product_id AS product_id#13097, data#13092.product_name AS product_name#13098, data#13092.quantity AS quantity#13099, data#13092.unit_price AS unit_price#13100, data#13092.gross_amount AS gross_amount#13101, data#13092.discount_amount AS discount_amount#13102, data#13092.tax_amount AS tax_amount#13103, data#13092.net_amount AS net_amount#13104, data#13092.payment_method AS payment_method#13105, data#13092.city AS city#13106, data#13092.device_type AS device_type#13107, data#13092.event_type AS event_type#13108, data#13092.transaction_status AS transaction_status#13109, data#13092.event_time AS event_time#13110, data#13092.ingestion_time AS ingestion_time#13111, data#13092.currency AS currency#13112, data#13092.exchange_rate AS exchange_rate#13113, data#13092.profit_amount AS profit_amount#13114, data#13092.cost_price AS cost_price#13115, data#13092.order_status AS order_status#13116, data#13092.payment_status AS payment_status#13117, ... 12 more fields]
      +- PhotonProject [topic#13084, partition#13085, offset#13086L, timestamp#13087 AS kafka_timestamp#13090, from_json(StructField(event_id,StringType,true), StructField(transaction_id,StringType,true), StructField(customer_id,IntegerType,true), StructField(merchant_id,IntegerType,true), StructField(product_id,IntegerType,true), StructField(product_name,StringType,true), StructField(quantity,IntegerType,true), StructField(unit_price,DoubleType,true), StructField(gross_amount,DoubleType,true), StructField(discount_amount,DoubleType,true), StructField(tax_amount,DoubleType,true), StructField(net_amount,DoubleType,true), StructField(payment_method,StringType,true), StructField(city,StringType,true), StructField(device_type,StringType,true), StructField(event_type,StringType,true), StructField(transaction_status,StringType,true), StructField(event_time,StringType,true), StructField(ingestion_time,StringType,true), StructField(currency,StringType,true), StructField(exchange_rate,DoubleType,true), StructField(profit_amount,DoubleType,true), StructField(cost_price,DoubleType,true), StructField(order_status,StringType,true), StructField(payment_status,StringType,true), ... 12 more fields) AS data#13092]
         +- PhotonRowToColumnar
            +- MicroBatchScan[key#13082, value#13083, topic#13084, partition#13085, offset#13086L, timestamp#13087, timestampType#13088] class org.apache.spark.sql.kafka010.KafkaSourceProvider$KafkaScan


JVM stacktrace:
org.apache.spark.sql.streaming.StreamingQueryException
	at org.apache.spark.sql.execution.streaming.runtime.StreamExecution.$anonfun$runStream$1(StreamExecution.scala:589)
	at scala.runtime.java8.JFunction0$mcV$sp.apply(JFunction0$mcV$sp.scala:18)
	at com.databricks.logging.AttributionContextTracing.$anonfun$withAttributionContext$1(AttributionContextTracing.scala:147)
	at com.databricks.logging.AttributionContext$.$anonfun$withValue$1(AttributionContext.scala:349)
	at scala.util.DynamicVariable.withValue(DynamicVariable.scala:59)
	at com.databricks.logging.AttributionContext$.withValue(AttributionContext.scala:345)
	at com.databricks.logging.AttributionContextTracing.withAttributionContext(AttributionContextTracing.scala:145)
	at com.databricks.logging.AttributionContextTracing.withAttributionContext$(AttributionContextTracing.scala:142)
	at com.databricks.spark.util.PublicDBLogging.withAttributionContext(DatabricksSparkUsageLogger.scala:29)
	at com.databricks.logging.AttributionContextTracing.withAttributionTags(AttributionContextTracing.scala:202)
	at com.databricks.logging.AttributionContextTracing.withAttributionTags$(AttributionContextTracing.scala:183)
	at com.databricks.spark.util.PublicDBLogging.withAttributionTags(DatabricksSparkUsageLogger.scala:29)
	at com.databricks.spark.util.PublicDBLogging.withAttributionTags0(DatabricksSparkUsageLogger.scala:108)
	at com.databricks.spark.util.DatabricksSparkUsageLogger.withAttributionTags(DatabricksSparkUsageLogger.scala:215)
	at com.databricks.spark.util.UsageLogging.$anonfun$withAttributionTags$1(UsageLogger.scala:668)
	at com.databricks.spark.util.UsageLogging$.withAttributionTags(UsageLogger.scala:780)
	at com.databricks.spark.util.UsageLogging$.withAttributionTags(UsageLogger.scala:789)
	at com.databricks.spark.util.UsageLogging.withAttributionTags(UsageLogger.scala:668)
	at com.databricks.spark.util.UsageLogging.withAttributionTags$(UsageLogger.scala:666)
	at org.apache.spark.sql.execution.streaming.runtime.StreamExecution.withAttributionTags(StreamExecution.scala:96)
	at org.apache.spark.sql.execution.streaming.runtime.StreamExecution.org$apache$spark$sql$execution$streaming$runtime$StreamExecution$$runStream(StreamExecution.scala:386)
	at org.apache.spark.sql.execution.streaming.runtime.StreamExecution$$anon$1.$anonfun$run$2(StreamExecution.scala:305)
	at scala.runtime.java8.JFunction0$mcV$sp.apply(JFunction0$mcV$sp.scala:18)
	at com.databricks.unity.UCSEphemeralState$Handle.runWith(UCSEphemeralState.scala:51)
	at com.databricks.unity.HandleImpl.runWith(UCSHandle.scala:104)
	at com.databricks.unity.HandleImpl.$anonfun$runWithAndClose$1(UCSHandle.scala:109)
	at scala.util.Using$.resource(Using.scala:296)
	at com.databricks.unity.HandleImpl.runWithAndClose(UCSHandle.scala:108)
	at org.apache.spark.sql.execution.streaming.runtime.StreamExecution$$anon$1.run(StreamExecution.scala:305)
Caused by: com.databricks.sql.transaction.tahoe.DeltaAnalysisExceptionWithSubErrors: [DELTA_METADATA_MISMATCH] A metadata mismatch was detected when writing to the Delta table.
- A schema mismatch detected when writing to the Delta table (Table ID: 7831103a-de04-4071-b217-57d8e3dd1f21).
To enable schema migration using DataFrameWriter or DataStreamWriter, please set: '.option("mergeSchema", "true")'.
For other operations, set the session configuration spark.databricks.delta.schema.autoMerge.enabled to "true". See the documentation specific to the operation for details.

Table schema:
root
 |-- event_id: string (nullable = true)
 |-- transaction_id: string (nullable = true)
 |-- customer_id: integer (nullable = true)
 |-- merchant_id: integer (nullable = true)
 |-- product_id: integer (nullable = true)
 |-- product_name: string (nullable = true)
 |-- quantity: integer (nullable = true)
 |-- unit_price: double (nullable = true)
 |-- gross_amount: double (nullable = true)
 |-- discount_amount: double (nullable = true)
 |-- tax_amount: double (nullable = true)
 |-- net_amount: double (nullable = true)
 |-- payment_method: string (nullable = true)
 |-- city: string (nullable = true)
 |-- device_type: string (nullable = true)
 |-- event_type: string (nullable = true)
 |-- transaction_status: string (nullable = true)
 |-- event_time: string (nullable = true)
 |-- ingestion_time: string (nullable = true)
 |-- topic: string (nullable = true)
 |-- partition: integer (nullable = true)
 |-- offset: long (nullable = true)
 |-- kafka_timestamp: timestamp (nullable = true)


Data schema:
root
 |-- event_id: string (nullable = true)
 |-- transaction_id: string (nullable = true)
 |-- customer_id: integer (nullable = true)
 |-- merchant_id: integer (nullable = true)
 |-- product_id: integer (nullable = true)
 |-- product_name: string (nullable = true)
 |-- quantity: integer (nullable = true)
 |-- unit_price: double (nullable = true)
 |-- gross_amount: double (nullable = true)
 |-- discount_amount: double (nullable = true)
 |-- tax_amount: double (nullable = true)
 |-- net_amount: double (nullable = true)
 |-- payment_method: string (nullable = true)
 |-- city: string (nullable = true)
 |-- device_type: string (nullable = true)
 |-- event_type: string (nullable = true)
 |-- transaction_status: string (nullable = true)
 |-- event_time: string (nullable = true)
 |-- ingestion_time: string (nullable = true)
 |-- topic: string (nullable = true)
 |-- partition: integer (nullable = true)
 |-- offset: long (nullable = true)
 |-- kafka_timestamp: timestamp (nullable = true)
 |-- currency: string (nullable = true)
 |-- exchange_rate: double (nullable = true)
 |-- profit_amount: double (nullable = true)
 |-- cost_price: double (nullable = true)
 |-- order_status: string (nullable = true)
 |-- payment_status: string (nullable = true)
 |-- delivery_status: string (nullable = true)
 |-- refund_amount: double (nullable = true)
 |-- customer_segment: string (nullable = true)
 |-- is_first_purchase: string (nullable = true)
 |-- session_id: string (nullable = true)
 |-- state: string (nullable = true)
 |-- country: string (nullable = true)
 |-- zip_code: string (nullable = true)


- Table ACLs are enabled in this cluster, so automatic schema migration is not allowed. Please use the ALTER TABLE command for changing the schema.
	at com.databricks.sql.transaction.tahoe.MetadataMismatchErrorBuilder.finalizeAndThrow(DeltaErrors.scala:4486)
	at com.databricks.sql.transaction.tahoe.schema.ImplicitMetadataOperation.updateMetadata(ImplicitMetadataOperation.scala:232)
	at com.databricks.sql.transaction.tahoe.schema.ImplicitMetadataOperation.updateMetadata$(ImplicitMetadataOperation.scala:92)
	at com.databricks.sql.transaction.tahoe.sources.DeltaSink.updateMetadata(DeltaSink.scala:85)
	at com.databricks.sql.transaction.tahoe.sources.DeltaSink.init(DeltaSink.scala:268)
	at org.apache.spark.sql.execution.streaming.runtime.MicroBatchExecution.runBatch(MicroBatchExecution.scala:2704)
	at org.apache.spark.sql.execution.streaming.runtime.MicroBatchExecution.$anonfun$executeOneBatch$6(MicroBatchExecution.scala:1299)
	at org.apache.spark.sql.execution.streaming.runtime.MicroBatchExecution.handleDataSourceException(MicroBatchExecution.scala:3615)
	at org.apache.spark.sql.execution.streaming.runtime.MicroBatchExecution.$anonfun$executeOneBatch$5(MicroBatchExecution.scala:1299)
	at org.apache.spark.sql.execution.streaming.runtime.MicroBatchExecution.withSchemaEvolution(MicroBatchExecution.scala:3560)
	at org.apache.spark.sql.execution.streaming.runtime.MicroBatchExecution.$anonfun$executeOneBatch$4(MicroBatchExecution.scala:1295)
	at scala.runtime.java8.JFunction0$mcV$sp.apply(JFunction0$mcV$sp.scala:18)
	at com.databricks.spark.util.FrameProfiler$.$anonfun$record$1(FrameProfiler.scala:114)
	at com.databricks.spark.util.FrameProfilerExporter$.maybeExportFrameProfiler(FrameProfilerExporter.scala:201)
	at com.databricks.spark.util.FrameProfiler$.record(FrameProfiler.scala:105)
	at org.apache.spark.sql.execution.streaming.runtime.ProgressContext.reportTimeTaken(ProgressReporter.scala:340)
	at org.apache.spark.sql.execution.streaming.runtime.MicroBatchExecution.$anonfun$executeOneBatch$3(MicroBatchExecution.scala:1248)
	at scala.runtime.java8.JFunction0$mcV$sp.apply(JFunction0$mcV$sp.scala:18)
	at com.databricks.logging.AttributionContextTracing.$anonfun$withAttributionContext$1(AttributionContextTracing.scala:147)
	at com.databricks.logging.AttributionContext$.$anonfun$withValue$1(AttributionContext.scala:349)
	at scala.util.DynamicVariable.withValue(DynamicVariable.scala:59)
	at com.databricks.logging.AttributionContext$.withValue(AttributionContext.scala:345)
	at com.databricks.logging.AttributionContextTracing.withAttributionContext(AttributionContextTracing.scala:145)
	at com.databricks.logging.AttributionContextTracing.withAttributionContext$(AttributionContextTracing.scala:142)
	at com.databricks.spark.util.PublicDBLogging.withAttributionContext(DatabricksSparkUsageLogger.scala:29)
	at com.databricks.logging.AttributionContextTracing.withAttributionTags(AttributionContextTracing.scala:202)
	at com.databricks.logging.AttributionContextTracing.withAttributionTags$(AttributionContextTracing.scala:183)
	at com.databricks.spark.util.PublicDBLogging.withAttributionTags(DatabricksSparkUsageLogger.scala:29)
	at com.databricks.spark.util.PublicDBLogging.withAttributionTags0(DatabricksSparkUsageLogger.scala:108)
	at com.databricks.spark.util.DatabricksSparkUsageLogger.withAttributionTags(DatabricksSparkUsageLogger.scala:215)
	at com.databricks.spark.util.UsageLogging.$anonfun$withAttributionTags$1(UsageLogger.scala:668)
	at com.databricks.spark.util.UsageLogging$.withAttributionTags(UsageLogger.scala:780)
	at com.databricks.spark.util.UsageLogging$.withAttributionTags(UsageLogger.scala:789)
	at com.databricks.spark.util.UsageLogging.withAttributionTags(UsageLogger.scala:668)
	at com.databricks.spark.util.UsageLogging.withAttributionTags$(UsageLogger.scala:666)
	at org.apache.spark.sql.execution.streaming.runtime.StreamExecution.withAttributionTags(StreamExecution.scala:96)
	at org.apache.spark.sql.execution.streaming.runtime.MicroBatchExecution.executeOneBatch(MicroBatchExecution.scala:1242)
	at org.apache.spark.sql.execution.streaming.runtime.MicroBatchExecution.$anonfun$runActivatedStreamWithListener$1(MicroBatchExecution.scala:1203)
	at org.apache.spark.sql.execution.streaming.runtime.MicroBatchExecution.$anonfun$runActivatedStreamWithListener$1$adapted(MicroBatchExecution.scala:1203)
	at org.apache.spark.sql.execution.streaming.runtime.ConcurrentExecutor.$anonfun$runOneBatch$4(TriggerExecutor.scala:663)
	at org.apache.spark.util.threads.SparkThreadLocalCapturingRunnable.$anonfun$run$1(SparkThreadLocalForwardingThreadPoolExecutor.scala:171)
	at scala.runtime.java8.JFunction0$mcV$sp.apply(JFunction0$mcV$sp.scala:18)
	at com.databricks.spark.util.DBRTracing$.withSpanFromParent(DBRTracing.scala:70)
	at org.apache.spark.util.threads.SparkThreadLocalCapturingHelper.$anonfun$runWithCaptured$7(SparkThreadLocalForwardingThreadPoolExecutor.scala:124)
	at com.databricks.util.LexicalThreadLocal$Handle.runWith(LexicalThreadLocal.scala:63)
	at org.apache.spark.util.threads.SparkThreadLocalCapturingHelper.$anonfun$runWithCaptured$6(SparkThreadLocalForwardingThreadPoolExecutor.scala:123)
	at com.databricks.sql.transaction.tahoe.mst.MSTThreadHelper$.runWithMSTContext(MSTThreadHelper.scala:60)
	at org.apache.spark.util.threads.SparkThreadLocalCapturingHelper.$anonfun$runWithCaptured$5(SparkThreadLocalForwardingThreadPoolExecutor.scala:120)
	at com.databricks.spark.util.IdentityClaim$.withClaim(IdentityClaim.scala:48)
	at org.apache.spark.util.threads.SparkThreadLocalCapturingHelper.$anonfun$runWithCaptured$4(SparkThreadLocalForwardingThreadPoolExecutor.scala:119)
	at com.databricks.unity.UCSEphemeralState$Handle.runWith(UCSEphemeralState.scala:51)
	at org.apache.spark.util.threads.SparkThreadLocalCapturingHelper.runWithCaptured(SparkThreadLocalForwardingThreadPoolExecutor.scala:118)
	at org.apache.spark.util.threads.SparkThreadLocalCapturingHelper.runWithCaptured$(SparkThreadLocalForwardingThreadPoolExecutor.scala:95)
	at org.apache.spark.util.threads.SparkThreadLocalCapturingRunnable.runWithCaptured(SparkThreadLocalForwardingThreadPoolExecutor.scala:168)
	at org.apache.spark.util.threads.SparkThreadLocalCapturingRunnable.run(SparkThreadLocalForwardingThreadPoolExecutor.scala:171)
	at java.util.concurrent.ThreadPoolExecutor.runWorker(ThreadPoolExecutor.java:1136)
	at java.util.concurrent.ThreadPoolExecutor$Worker.run(ThreadPoolExecutor.java:635)
	at java.lang.Thread.run(Thread.java:840)
2026-04-11 19:45:56,917 | pyspark_streaming/bronze | INFO | Creating spark session
2026-04-11 19:45:56,920 | pyspark_streaming/bronze | INFO | Spark session created successfully
2026-04-11 19:45:56,920 | pyspark_streaming/bronze | INFO | Reading from kafka
2026-04-11 19:45:56,921 | pyspark_streaming/bronze | INFO | Read data from kafka successfully
2026-04-11 19:45:56,922 | pyspark_streaming/bronze | INFO | Parsing kafka data
2026-04-11 19:45:56,923 | pyspark_streaming/bronze | INFO | Kafka data parsed successfully
2026-04-11 19:45:56,923 | pyspark_streaming/bronze | INFO | Starting write stream to Delta
2026-04-11 19:45:57,884 | pyspark_streaming/bronze | INFO | Streaming query started successfully
2026-04-11 19:45:59,503 | pyspark_streaming/bronze | ERROR | Error while starting streaming write: [STREAM_FAILED] Query [id = 5584eef6-9db3-49cd-9147-483c03f5b98e, runId = 2133d781-15ef-4f2b-818a-cdb7aef095c2] terminated with exception: [DELTA_METADATA_MISMATCH] A metadata mismatch was detected when writing to the Delta table.
- A schema mismatch detected when writing to the Delta table (Table ID: 7831103a-de04-4071-b217-57d8e3dd1f21).
To enable schema migration using DataFrameWriter or DataStreamWriter, please set: '.option("mergeSchema", "true")'.
For other operations, set the session configuration spark.databricks.delta.schema.autoMerge.enabled to "true". See the documentation specific to the operation for details.

Table schema:
root
 |-- event_id: string (nullable = true)
 |-- transaction_id: string (nullable = true)
 |-- customer_id: integer (nullable = true)
 |-- merchant_id: integer (nullable = true)
 |-- product_id: integer (nullable = true)
 |-- product_name: string (nullable = true)
 |-- quantity: integer (nullable = true)
 |-- unit_price: double (nullable = true)
 |-- gross_amount: double (nullable = true)
 |-- discount_amount: double (nullable = true)
 |-- tax_amount: double (nullable = true)
 |-- net_amount: double (nullable = true)
 |-- payment_method: string (nullable = true)
 |-- city: string (nullable = true)
 |-- device_type: string (nullable = true)
 |-- event_type: string (nullable = true)
 |-- transaction_status: string (nullable = true)
 |-- event_time: string (nullable = true)
 |-- ingestion_time: string (nullable = true)
 |-- topic: string (nullable = true)
 |-- partition: integer (nullable = true)
 |-- offset: long (nullable = true)
 |-- kafka_timestamp: timestamp (nullable = true)


Data schema:
root
 |-- event_id: string (nullable = true)
 |-- transaction_id: string (nullable = true)
 |-- customer_id: integer (nullable = true)
 |-- merchant_id: integer (nullable = true)
 |-- product_id: integer (nullable = true)
 |-- product_name: string (nullable = true)
 |-- quantity: integer (nullable = true)
 |-- unit_price: double (nullable = true)
 |-- gross_amount: double (nullable = true)
 |-- discount_amount: double (nullable = true)
 |-- tax_amount: double (nullable = true)
 |-- net_amount: double (nullable = true)
 |-- payment_method: string (nullable = true)
 |-- city: string (nullable = true)
 |-- device_type: string (nullable = true)
 |-- event_type: string (nullable = true)
 |-- transaction_status: string (nullable = true)
 |-- event_time: string (nullable = true)
 |-- ingestion_time: string (nullable = true)
 |-- topic: string (nullable = true)
 |-- partition: integer (nullable = true)
 |-- offset: long (nullable = true)
 |-- kafka_timestamp: timestamp (nullable = true)
 |-- currency: string (nullable = true)
 |-- exchange_rate: double (nullable = true)
 |-- profit_amount: double (nullable = true)
 |-- cost_price: double (nullable = true)
 |-- order_status: string (nullable = true)
 |-- payment_status: string (nullable = true)
 |-- delivery_status: string (nullable = true)
 |-- refund_amount: double (nullable = true)
 |-- customer_segment: string (nullable = true)
 |-- is_first_purchase: string (nullable = true)
 |-- session_id: string (nullable = true)
 |-- state: string (nullable = true)
 |-- country: string (nullable = true)
 |-- zip_code: string (nullable = true)


- Table ACLs are enabled in this cluster, so automatic schema migration is not allowed. Please use the ALTER TABLE command for changing the schema. SQLSTATE: XXKST
=== Streaming Query ===
Identifier: [id = 5584eef6-9db3-49cd-9147-483c03f5b98e, runId = 2133d781-15ef-4f2b-818a-cdb7aef095c2]
Current Start Offsets: {KafkaV2[Subscribe[transactions]]: {"transactions":{"0":3250,"1":3350,"2":2851,"3":3850,"4":3450,"5":2650}}}
Current End Offsets: {KafkaV2[Subscribe[transactions]]: {"transactions":{"0":3250,"1":3350,"2":2851,"3":3850,"4":3450,"5":2650}}}

Current State: ACTIVE
Thread State: RUNNABLE

Logical Plan:
~WriteToMicroBatchDataSourceV1 `workspace`.`default`.`bronze_transactions`, DeltaSink[s3://dbstorage-prod-cpgdo/uc/3caf84d5-b3d7-4fa6-a0e4-69f50d7c5d27/8dbdb134-53db-41c4-a8c1-a01b8d04aacf/__unitystorage/catalogs/8af0af66-b28c-4b17-9c21-d4a5a323e3d0/tables/d20a61b9-3ce2-4323-a1ff-5970d0ec9b94], 5584eef6-9db3-49cd-9147-483c03f5b98e, [checkpointLocation=/Volumes/workspace/transaction_data_pipeline/bronze/checkpoints/bronze_transactions, path=s3://dbstorage-prod-cpgdo/uc/3caf84d5-b3d7-4fa6-a0e4-69f50d7c5d27/8dbdb134-53db-41c4-a8c1-a01b8d04aacf/__unitystorage/catalogs/8af0af66-b28c-4b17-9c21-d4a5a323e3d0/tables/d20a61b9-3ce2-4323-a1ff-5970d0ec9b94], Append
+- ~Project [data#13219.event_id AS event_id#13220, data#13219.transaction_id AS transaction_id#13221, data#13219.customer_id AS customer_id#13222, data#13219.merchant_id AS merchant_id#13223, data#13219.product_id AS product_id#13224, data#13219.product_name AS product_name#13225, data#13219.quantity AS quantity#13226, data#13219.unit_price AS unit_price#13227, data#13219.gross_amount AS gross_amount#13228, data#13219.discount_amount AS discount_amount#13229, data#13219.tax_amount AS tax_amount#13230, data#13219.net_amount AS net_amount#13231, data#13219.payment_method AS payment_method#13232, data#13219.city AS city#13233, data#13219.device_type AS device_type#13234, data#13219.event_type AS event_type#13235, data#13219.transaction_status AS transaction_status#13236, data#13219.event_time AS event_time#13237, data#13219.ingestion_time AS ingestion_time#13238, data#13219.currency AS currency#13239, data#13219.exchange_rate AS exchange_rate#13240, data#13219.profit_amount AS profit_amount#13241, data#13219.cost_price AS cost_price#13242, data#13219.order_status AS order_status#13243, data#13219.payment_status AS payment_status#13244, ... 12 more fields]
   +- ~Project [json_value#13216, topic#13211, partition#13212, offset#13213L, kafka_timestamp#13217, from_json(StructField(event_id,StringType,true), StructField(transaction_id,StringType,true), StructField(customer_id,IntegerType,true), StructField(merchant_id,IntegerType,true), StructField(product_id,IntegerType,true), StructField(product_name,StringType,true), StructField(quantity,IntegerType,true), StructField(unit_price,DoubleType,true), StructField(gross_amount,DoubleType,true), StructField(discount_amount,DoubleType,true), StructField(tax_amount,DoubleType,true), StructField(net_amount,DoubleType,true), StructField(payment_method,StringType,true), StructField(city,StringType,true), StructField(device_type,StringType,true), StructField(event_type,StringType,true), StructField(transaction_status,StringType,true), StructField(event_time,StringType,true), StructField(ingestion_time,StringType,true), StructField(currency,StringType,true), StructField(exchange_rate,DoubleType,true), StructField(profit_amount,DoubleType,true), StructField(cost_price,DoubleType,true), StructField(order_status,StringType,true), StructField(payment_status,StringType,true), ... 12 more fields) AS data#13219]
      +- ~Project [cast(value#13210 as string) AS json_value#13216, topic#13211, partition#13212, offset#13213L, timestamp#13214 AS kafka_timestamp#13217]
         +- ~StreamingDataSourceV2ScanRelation[key#13209, value#13210, topic#13211, partition#13212, offset#13213L, timestamp#13214, timestampType#13215] KafkaTable


Physical Plan:
PhotonResultStage
+- PhotonColumnarToRow
   +- PhotonProject [data#13219.event_id AS event_id#13220, data#13219.transaction_id AS transaction_id#13221, data#13219.customer_id AS customer_id#13222, data#13219.merchant_id AS merchant_id#13223, data#13219.product_id AS product_id#13224, data#13219.product_name AS product_name#13225, data#13219.quantity AS quantity#13226, data#13219.unit_price AS unit_price#13227, data#13219.gross_amount AS gross_amount#13228, data#13219.discount_amount AS discount_amount#13229, data#13219.tax_amount AS tax_amount#13230, data#13219.net_amount AS net_amount#13231, data#13219.payment_method AS payment_method#13232, data#13219.city AS city#13233, data#13219.device_type AS device_type#13234, data#13219.event_type AS event_type#13235, data#13219.transaction_status AS transaction_status#13236, data#13219.event_time AS event_time#13237, data#13219.ingestion_time AS ingestion_time#13238, data#13219.currency AS currency#13239, data#13219.exchange_rate AS exchange_rate#13240, data#13219.profit_amount AS profit_amount#13241, data#13219.cost_price AS cost_price#13242, data#13219.order_status AS order_status#13243, data#13219.payment_status AS payment_status#13244, ... 12 more fields]
      +- PhotonProject [topic#13211, partition#13212, offset#13213L, timestamp#13214 AS kafka_timestamp#13217, from_json(StructField(event_id,StringType,true), StructField(transaction_id,StringType,true), StructField(customer_id,IntegerType,true), StructField(merchant_id,IntegerType,true), StructField(product_id,IntegerType,true), StructField(product_name,StringType,true), StructField(quantity,IntegerType,true), StructField(unit_price,DoubleType,true), StructField(gross_amount,DoubleType,true), StructField(discount_amount,DoubleType,true), StructField(tax_amount,DoubleType,true), StructField(net_amount,DoubleType,true), StructField(payment_method,StringType,true), StructField(city,StringType,true), StructField(device_type,StringType,true), StructField(event_type,StringType,true), StructField(transaction_status,StringType,true), StructField(event_time,StringType,true), StructField(ingestion_time,StringType,true), StructField(currency,StringType,true), StructField(exchange_rate,DoubleType,true), StructField(profit_amount,DoubleType,true), StructField(cost_price,DoubleType,true), StructField(order_status,StringType,true), StructField(payment_status,StringType,true), ... 12 more fields) AS data#13219]
         +- PhotonRowToColumnar
            +- MicroBatchScan[key#13209, value#13210, topic#13211, partition#13212, offset#13213L, timestamp#13214, timestampType#13215] class org.apache.spark.sql.kafka010.KafkaSourceProvider$KafkaScan


JVM stacktrace:
org.apache.spark.sql.streaming.StreamingQueryException
	at org.apache.spark.sql.execution.streaming.runtime.StreamExecution.$anonfun$runStream$1(StreamExecution.scala:589)
	at scala.runtime.java8.JFunction0$mcV$sp.apply(JFunction0$mcV$sp.scala:18)
	at com.databricks.logging.AttributionContextTracing.$anonfun$withAttributionContext$1(AttributionContextTracing.scala:147)
	at com.databricks.logging.AttributionContext$.$anonfun$withValue$1(AttributionContext.scala:349)
	at scala.util.DynamicVariable.withValue(DynamicVariable.scala:59)
	at com.databricks.logging.AttributionContext$.withValue(AttributionContext.scala:345)
	at com.databricks.logging.AttributionContextTracing.withAttributionContext(AttributionContextTracing.scala:145)
	at com.databricks.logging.AttributionContextTracing.withAttributionContext$(AttributionContextTracing.scala:142)
	at com.databricks.spark.util.PublicDBLogging.withAttributionContext(DatabricksSparkUsageLogger.scala:29)
	at com.databricks.logging.AttributionContextTracing.withAttributionTags(AttributionContextTracing.scala:202)
	at com.databricks.logging.AttributionContextTracing.withAttributionTags$(AttributionContextTracing.scala:183)
	at com.databricks.spark.util.PublicDBLogging.withAttributionTags(DatabricksSparkUsageLogger.scala:29)
	at com.databricks.spark.util.PublicDBLogging.withAttributionTags0(DatabricksSparkUsageLogger.scala:108)
	at com.databricks.spark.util.DatabricksSparkUsageLogger.withAttributionTags(DatabricksSparkUsageLogger.scala:215)
	at com.databricks.spark.util.UsageLogging.$anonfun$withAttributionTags$1(UsageLogger.scala:668)
	at com.databricks.spark.util.UsageLogging$.withAttributionTags(UsageLogger.scala:780)
	at com.databricks.spark.util.UsageLogging$.withAttributionTags(UsageLogger.scala:789)
	at com.databricks.spark.util.UsageLogging.withAttributionTags(UsageLogger.scala:668)
	at com.databricks.spark.util.UsageLogging.withAttributionTags$(UsageLogger.scala:666)
	at org.apache.spark.sql.execution.streaming.runtime.StreamExecution.withAttributionTags(StreamExecution.scala:96)
	at org.apache.spark.sql.execution.streaming.runtime.StreamExecution.org$apache$spark$sql$execution$streaming$runtime$StreamExecution$$runStream(StreamExecution.scala:386)
	at org.apache.spark.sql.execution.streaming.runtime.StreamExecution$$anon$1.$anonfun$run$2(StreamExecution.scala:305)
	at scala.runtime.java8.JFunction0$mcV$sp.apply(JFunction0$mcV$sp.scala:18)
	at com.databricks.unity.UCSEphemeralState$Handle.runWith(UCSEphemeralState.scala:51)
	at com.databricks.unity.HandleImpl.runWith(UCSHandle.scala:104)
	at com.databricks.unity.HandleImpl.$anonfun$runWithAndClose$1(UCSHandle.scala:109)
	at scala.util.Using$.resource(Using.scala:296)
	at com.databricks.unity.HandleImpl.runWithAndClose(UCSHandle.scala:108)
	at org.apache.spark.sql.execution.streaming.runtime.StreamExecution$$anon$1.run(StreamExecution.scala:305)
Caused by: com.databricks.sql.transaction.tahoe.DeltaAnalysisExceptionWithSubErrors: [DELTA_METADATA_MISMATCH] A metadata mismatch was detected when writing to the Delta table.
- A schema mismatch detected when writing to the Delta table (Table ID: 7831103a-de04-4071-b217-57d8e3dd1f21).
To enable schema migration using DataFrameWriter or DataStreamWriter, please set: '.option("mergeSchema", "true")'.
For other operations, set the session configuration spark.databricks.delta.schema.autoMerge.enabled to "true". See the documentation specific to the operation for details.

Table schema:
root
 |-- event_id: string (nullable = true)
 |-- transaction_id: string (nullable = true)
 |-- customer_id: integer (nullable = true)
 |-- merchant_id: integer (nullable = true)
 |-- product_id: integer (nullable = true)
 |-- product_name: string (nullable = true)
 |-- quantity: integer (nullable = true)
 |-- unit_price: double (nullable = true)
 |-- gross_amount: double (nullable = true)
 |-- discount_amount: double (nullable = true)
 |-- tax_amount: double (nullable = true)
 |-- net_amount: double (nullable = true)
 |-- payment_method: string (nullable = true)
 |-- city: string (nullable = true)
 |-- device_type: string (nullable = true)
 |-- event_type: string (nullable = true)
 |-- transaction_status: string (nullable = true)
 |-- event_time: string (nullable = true)
 |-- ingestion_time: string (nullable = true)
 |-- topic: string (nullable = true)
 |-- partition: integer (nullable = true)
 |-- offset: long (nullable = true)
 |-- kafka_timestamp: timestamp (nullable = true)


Data schema:
root
 |-- event_id: string (nullable = true)
 |-- transaction_id: string (nullable = true)
 |-- customer_id: integer (nullable = true)
 |-- merchant_id: integer (nullable = true)
 |-- product_id: integer (nullable = true)
 |-- product_name: string (nullable = true)
 |-- quantity: integer (nullable = true)
 |-- unit_price: double (nullable = true)
 |-- gross_amount: double (nullable = true)
 |-- discount_amount: double (nullable = true)
 |-- tax_amount: double (nullable = true)
 |-- net_amount: double (nullable = true)
 |-- payment_method: string (nullable = true)
 |-- city: string (nullable = true)
 |-- device_type: string (nullable = true)
 |-- event_type: string (nullable = true)
 |-- transaction_status: string (nullable = true)
 |-- event_time: string (nullable = true)
 |-- ingestion_time: string (nullable = true)
 |-- topic: string (nullable = true)
 |-- partition: integer (nullable = true)
 |-- offset: long (nullable = true)
 |-- kafka_timestamp: timestamp (nullable = true)
 |-- currency: string (nullable = true)
 |-- exchange_rate: double (nullable = true)
 |-- profit_amount: double (nullable = true)
 |-- cost_price: double (nullable = true)
 |-- order_status: string (nullable = true)
 |-- payment_status: string (nullable = true)
 |-- delivery_status: string (nullable = true)
 |-- refund_amount: double (nullable = true)
 |-- customer_segment: string (nullable = true)
 |-- is_first_purchase: string (nullable = true)
 |-- session_id: string (nullable = true)
 |-- state: string (nullable = true)
 |-- country: string (nullable = true)
 |-- zip_code: string (nullable = true)


- Table ACLs are enabled in this cluster, so automatic schema migration is not allowed. Please use the ALTER TABLE command for changing the schema.
	at com.databricks.sql.transaction.tahoe.MetadataMismatchErrorBuilder.finalizeAndThrow(DeltaErrors.scala:4486)
	at com.databricks.sql.transaction.tahoe.schema.ImplicitMetadataOperation.updateMetadata(ImplicitMetadataOperation.scala:232)
	at com.databricks.sql.transaction.tahoe.schema.ImplicitMetadataOperation.updateMetadata$(ImplicitMetadataOperation.scala:92)
	at com.databricks.sql.transaction.tahoe.sources.DeltaSink.updateMetadata(DeltaSink.scala:85)
	at com.databricks.sql.transaction.tahoe.sources.DeltaSink.init(DeltaSink.scala:268)
	at org.apache.spark.sql.execution.streaming.runtime.MicroBatchExecution.runBatch(MicroBatchExecution.scala:2704)
	at org.apache.spark.sql.execution.streaming.runtime.MicroBatchExecution.$anonfun$executeOneBatch$6(MicroBatchExecution.scala:1299)
	at org.apache.spark.sql.execution.streaming.runtime.MicroBatchExecution.handleDataSourceException(MicroBatchExecution.scala:3615)
	at org.apache.spark.sql.execution.streaming.runtime.MicroBatchExecution.$anonfun$executeOneBatch$5(MicroBatchExecution.scala:1299)
	at org.apache.spark.sql.execution.streaming.runtime.MicroBatchExecution.withSchemaEvolution(MicroBatchExecution.scala:3560)
	at org.apache.spark.sql.execution.streaming.runtime.MicroBatchExecution.$anonfun$executeOneBatch$4(MicroBatchExecution.scala:1295)
	at scala.runtime.java8.JFunction0$mcV$sp.apply(JFunction0$mcV$sp.scala:18)
	at com.databricks.spark.util.FrameProfiler$.$anonfun$record$1(FrameProfiler.scala:114)
	at com.databricks.spark.util.FrameProfilerExporter$.maybeExportFrameProfiler(FrameProfilerExporter.scala:201)
	at com.databricks.spark.util.FrameProfiler$.record(FrameProfiler.scala:105)
	at org.apache.spark.sql.execution.streaming.runtime.ProgressContext.reportTimeTaken(ProgressReporter.scala:340)
	at org.apache.spark.sql.execution.streaming.runtime.MicroBatchExecution.$anonfun$executeOneBatch$3(MicroBatchExecution.scala:1248)
	at scala.runtime.java8.JFunction0$mcV$sp.apply(JFunction0$mcV$sp.scala:18)
	at com.databricks.logging.AttributionContextTracing.$anonfun$withAttributionContext$1(AttributionContextTracing.scala:147)
	at com.databricks.logging.AttributionContext$.$anonfun$withValue$1(AttributionContext.scala:349)
	at scala.util.DynamicVariable.withValue(DynamicVariable.scala:59)
	at com.databricks.logging.AttributionContext$.withValue(AttributionContext.scala:345)
	at com.databricks.logging.AttributionContextTracing.withAttributionContext(AttributionContextTracing.scala:145)
	at com.databricks.logging.AttributionContextTracing.withAttributionContext$(AttributionContextTracing.scala:142)
	at com.databricks.spark.util.PublicDBLogging.withAttributionContext(DatabricksSparkUsageLogger.scala:29)
	at com.databricks.logging.AttributionContextTracing.withAttributionTags(AttributionContextTracing.scala:202)
	at com.databricks.logging.AttributionContextTracing.withAttributionTags$(AttributionContextTracing.scala:183)
	at com.databricks.spark.util.PublicDBLogging.withAttributionTags(DatabricksSparkUsageLogger.scala:29)
	at com.databricks.spark.util.PublicDBLogging.withAttributionTags0(DatabricksSparkUsageLogger.scala:108)
	at com.databricks.spark.util.DatabricksSparkUsageLogger.withAttributionTags(DatabricksSparkUsageLogger.scala:215)
	at com.databricks.spark.util.UsageLogging.$anonfun$withAttributionTags$1(UsageLogger.scala:668)
	at com.databricks.spark.util.UsageLogging$.withAttributionTags(UsageLogger.scala:780)
	at com.databricks.spark.util.UsageLogging$.withAttributionTags(UsageLogger.scala:789)
	at com.databricks.spark.util.UsageLogging.withAttributionTags(UsageLogger.scala:668)
	at com.databricks.spark.util.UsageLogging.withAttributionTags$(UsageLogger.scala:666)
	at org.apache.spark.sql.execution.streaming.runtime.StreamExecution.withAttributionTags(StreamExecution.scala:96)
	at org.apache.spark.sql.execution.streaming.runtime.MicroBatchExecution.executeOneBatch(MicroBatchExecution.scala:1242)
	at org.apache.spark.sql.execution.streaming.runtime.MicroBatchExecution.$anonfun$runActivatedStreamWithListener$1(MicroBatchExecution.scala:1203)
	at org.apache.spark.sql.execution.streaming.runtime.MicroBatchExecution.$anonfun$runActivatedStreamWithListener$1$adapted(MicroBatchExecution.scala:1203)
	at org.apache.spark.sql.execution.streaming.runtime.ConcurrentExecutor.$anonfun$runOneBatch$4(TriggerExecutor.scala:663)
	at org.apache.spark.util.threads.SparkThreadLocalCapturingRunnable.$anonfun$run$1(SparkThreadLocalForwardingThreadPoolExecutor.scala:171)
	at scala.runtime.java8.JFunction0$mcV$sp.apply(JFunction0$mcV$sp.scala:18)
	at com.databricks.logging.AttributionContext$.$anonfun$withValue$1(AttributionContext.scala:349)
	at scala.util.DynamicVariable.withValue(DynamicVariable.scala:59)
	at com.databricks.logging.AttributionContext$.withValue(AttributionContext.scala:345)
	at com.databricks.spark.util.DatabricksTracingHelper.$anonfun$withSpanFromParent$4(DatabricksSparkTracingHelper.scala:106)
	at com.databricks.util.TracingSpanUtils$.withTracing(TracingSpanUtils.scala:99)
	at com.databricks.spark.util.DatabricksTracingHelper.withSpanFromParent(DatabricksSparkTracingHelper.scala:104)
	at com.databricks.spark.util.DBRTracing$.withSpanFromParent(DBRTracing.scala:68)
	at org.apache.spark.util.threads.SparkThreadLocalCapturingHelper.$anonfun$runWithCaptured$7(SparkThreadLocalForwardingThreadPoolExecutor.scala:124)
	at com.databricks.util.LexicalThreadLocal$Handle.runWith(LexicalThreadLocal.scala:63)
	at org.apache.spark.util.threads.SparkThreadLocalCapturingHelper.$anonfun$runWithCaptured$6(SparkThreadLocalForwardingThreadPoolExecutor.scala:123)
	at com.databricks.sql.transaction.tahoe.mst.MSTThreadHelper$.runWithMSTContext(MSTThreadHelper.scala:60)
	at org.apache.spark.util.threads.SparkThreadLocalCapturingHelper.$anonfun$runWithCaptured$5(SparkThreadLocalForwardingThreadPoolExecutor.scala:120)
	at com.databricks.spark.util.IdentityClaim$.withClaim(IdentityClaim.scala:48)
	at org.apache.spark.util.threads.SparkThreadLocalCapturingHelper.$anonfun$runWithCaptured$4(SparkThreadLocalForwardingThreadPoolExecutor.scala:119)
	at com.databricks.unity.UCSEphemeralState$Handle.runWith(UCSEphemeralState.scala:51)
	at org.apache.spark.util.threads.SparkThreadLocalCapturingHelper.runWithCaptured(SparkThreadLocalForwardingThreadPoolExecutor.scala:118)
	at org.apache.spark.util.threads.SparkThreadLocalCapturingHelper.runWithCaptured$(SparkThreadLocalForwardingThreadPoolExecutor.scala:95)
	at org.apache.spark.util.threads.SparkThreadLocalCapturingRunnable.runWithCaptured(SparkThreadLocalForwardingThreadPoolExecutor.scala:168)
	at org.apache.spark.util.threads.SparkThreadLocalCapturingRunnable.run(SparkThreadLocalForwardingThreadPoolExecutor.scala:171)
	at java.util.concurrent.ThreadPoolExecutor.runWorker(ThreadPoolExecutor.java:1136)
	at java.util.concurrent.ThreadPoolExecutor$Worker.run(ThreadPoolExecutor.java:635)
	at java.lang.Thread.run(Thread.java:840)
Traceback (most recent call last):
  File "/Workspace/Repos/gnavin478@gmail.com/Realtime-Transaction-Pipeline/pyspark_streaming/bronze/bronze_ingest.py", line 130, in write_to_delta
    query.awaitTermination()
  File "/databricks/python/lib/python3.12/site-packages/pyspark/sql/connect/streaming/query.py", line 100, in awaitTermination
    self._execute_streaming_query_cmd(cmd)
  File "/databricks/python/lib/python3.12/site-packages/pyspark/sql/connect/streaming/query.py", line 188, in _execute_streaming_query_cmd
    (_, properties, _) = self._session.client.execute_command(exec_cmd)
                         ^^^^^^^^^^^^^^^^^^^^^^^^^^^^^^^^^^^^^^^^^^^^^^
  File "/databricks/python/lib/python3.12/site-packages/pyspark/sql/connect/client/core.py", line 1538, in execute_command
    data, _, metrics, observed_metrics, properties = self._execute_and_fetch(
                                                     ^^^^^^^^^^^^^^^^^^^^^^^^
  File "/databricks/python/lib/python3.12/site-packages/pyspark/sql/connect/client/core.py", line 2086, in _execute_and_fetch
    for response in self._execute_and_fetch_as_iterator(
  File "/databricks/python/lib/python3.12/site-packages/pyspark/sql/connect/client/core.py", line 2062, in _execute_and_fetch_as_iterator
    self._handle_error(error)
  File "/databricks/python/lib/python3.12/site-packages/pyspark/sql/connect/client/core.py", line 2380, in _handle_error
    self._handle_rpc_error(error)
  File "/databricks/python/lib/python3.12/site-packages/pyspark/sql/connect/client/core.py", line 2458, in _handle_rpc_error
    raise convert_exception(
pyspark.errors.exceptions.connect.StreamingQueryException: [STREAM_FAILED] Query [id = 5584eef6-9db3-49cd-9147-483c03f5b98e, runId = 2133d781-15ef-4f2b-818a-cdb7aef095c2] terminated with exception: [DELTA_METADATA_MISMATCH] A metadata mismatch was detected when writing to the Delta table.
- A schema mismatch detected when writing to the Delta table (Table ID: 7831103a-de04-4071-b217-57d8e3dd1f21).
To enable schema migration using DataFrameWriter or DataStreamWriter, please set: '.option("mergeSchema", "true")'.
For other operations, set the session configuration spark.databricks.delta.schema.autoMerge.enabled to "true". See the documentation specific to the operation for details.

Table schema:
root
 |-- event_id: string (nullable = true)
 |-- transaction_id: string (nullable = true)
 |-- customer_id: integer (nullable = true)
 |-- merchant_id: integer (nullable = true)
 |-- product_id: integer (nullable = true)
 |-- product_name: string (nullable = true)
 |-- quantity: integer (nullable = true)
 |-- unit_price: double (nullable = true)
 |-- gross_amount: double (nullable = true)
 |-- discount_amount: double (nullable = true)
 |-- tax_amount: double (nullable = true)
 |-- net_amount: double (nullable = true)
 |-- payment_method: string (nullable = true)
 |-- city: string (nullable = true)
 |-- device_type: string (nullable = true)
 |-- event_type: string (nullable = true)
 |-- transaction_status: string (nullable = true)
 |-- event_time: string (nullable = true)
 |-- ingestion_time: string (nullable = true)
 |-- topic: string (nullable = true)
 |-- partition: integer (nullable = true)
 |-- offset: long (nullable = true)
 |-- kafka_timestamp: timestamp (nullable = true)


Data schema:
root
 |-- event_id: string (nullable = true)
 |-- transaction_id: string (nullable = true)
 |-- customer_id: integer (nullable = true)
 |-- merchant_id: integer (nullable = true)
 |-- product_id: integer (nullable = true)
 |-- product_name: string (nullable = true)
 |-- quantity: integer (nullable = true)
 |-- unit_price: double (nullable = true)
 |-- gross_amount: double (nullable = true)
 |-- discount_amount: double (nullable = true)
 |-- tax_amount: double (nullable = true)
 |-- net_amount: double (nullable = true)
 |-- payment_method: string (nullable = true)
 |-- city: string (nullable = true)
 |-- device_type: string (nullable = true)
 |-- event_type: string (nullable = true)
 |-- transaction_status: string (nullable = true)
 |-- event_time: string (nullable = true)
 |-- ingestion_time: string (nullable = true)
 |-- topic: string (nullable = true)
 |-- partition: integer (nullable = true)
 |-- offset: long (nullable = true)
 |-- kafka_timestamp: timestamp (nullable = true)
 |-- currency: string (nullable = true)
 |-- exchange_rate: double (nullable = true)
 |-- profit_amount: double (nullable = true)
 |-- cost_price: double (nullable = true)
 |-- order_status: string (nullable = true)
 |-- payment_status: string (nullable = true)
 |-- delivery_status: string (nullable = true)
 |-- refund_amount: double (nullable = true)
 |-- customer_segment: string (nullable = true)
 |-- is_first_purchase: string (nullable = true)
 |-- session_id: string (nullable = true)
 |-- state: string (nullable = true)
 |-- country: string (nullable = true)
 |-- zip_code: string (nullable = true)


- Table ACLs are enabled in this cluster, so automatic schema migration is not allowed. Please use the ALTER TABLE command for changing the schema. SQLSTATE: XXKST
=== Streaming Query ===
Identifier: [id = 5584eef6-9db3-49cd-9147-483c03f5b98e, runId = 2133d781-15ef-4f2b-818a-cdb7aef095c2]
Current Start Offsets: {KafkaV2[Subscribe[transactions]]: {"transactions":{"0":3250,"1":3350,"2":2851,"3":3850,"4":3450,"5":2650}}}
Current End Offsets: {KafkaV2[Subscribe[transactions]]: {"transactions":{"0":3250,"1":3350,"2":2851,"3":3850,"4":3450,"5":2650}}}

Current State: ACTIVE
Thread State: RUNNABLE

Logical Plan:
~WriteToMicroBatchDataSourceV1 `workspace`.`default`.`bronze_transactions`, DeltaSink[s3://dbstorage-prod-cpgdo/uc/3caf84d5-b3d7-4fa6-a0e4-69f50d7c5d27/8dbdb134-53db-41c4-a8c1-a01b8d04aacf/__unitystorage/catalogs/8af0af66-b28c-4b17-9c21-d4a5a323e3d0/tables/d20a61b9-3ce2-4323-a1ff-5970d0ec9b94], 5584eef6-9db3-49cd-9147-483c03f5b98e, [checkpointLocation=/Volumes/workspace/transaction_data_pipeline/bronze/checkpoints/bronze_transactions, path=s3://dbstorage-prod-cpgdo/uc/3caf84d5-b3d7-4fa6-a0e4-69f50d7c5d27/8dbdb134-53db-41c4-a8c1-a01b8d04aacf/__unitystorage/catalogs/8af0af66-b28c-4b17-9c21-d4a5a323e3d0/tables/d20a61b9-3ce2-4323-a1ff-5970d0ec9b94], Append
+- ~Project [data#13219.event_id AS event_id#13220, data#13219.transaction_id AS transaction_id#13221, data#13219.customer_id AS customer_id#13222, data#13219.merchant_id AS merchant_id#13223, data#13219.product_id AS product_id#13224, data#13219.product_name AS product_name#13225, data#13219.quantity AS quantity#13226, data#13219.unit_price AS unit_price#13227, data#13219.gross_amount AS gross_amount#13228, data#13219.discount_amount AS discount_amount#13229, data#13219.tax_amount AS tax_amount#13230, data#13219.net_amount AS net_amount#13231, data#13219.payment_method AS payment_method#13232, data#13219.city AS city#13233, data#13219.device_type AS device_type#13234, data#13219.event_type AS event_type#13235, data#13219.transaction_status AS transaction_status#13236, data#13219.event_time AS event_time#13237, data#13219.ingestion_time AS ingestion_time#13238, data#13219.currency AS currency#13239, data#13219.exchange_rate AS exchange_rate#13240, data#13219.profit_amount AS profit_amount#13241, data#13219.cost_price AS cost_price#13242, data#13219.order_status AS order_status#13243, data#13219.payment_status AS payment_status#13244, ... 12 more fields]
   +- ~Project [json_value#13216, topic#13211, partition#13212, offset#13213L, kafka_timestamp#13217, from_json(StructField(event_id,StringType,true), StructField(transaction_id,StringType,true), StructField(customer_id,IntegerType,true), StructField(merchant_id,IntegerType,true), StructField(product_id,IntegerType,true), StructField(product_name,StringType,true), StructField(quantity,IntegerType,true), StructField(unit_price,DoubleType,true), StructField(gross_amount,DoubleType,true), StructField(discount_amount,DoubleType,true), StructField(tax_amount,DoubleType,true), StructField(net_amount,DoubleType,true), StructField(payment_method,StringType,true), StructField(city,StringType,true), StructField(device_type,StringType,true), StructField(event_type,StringType,true), StructField(transaction_status,StringType,true), StructField(event_time,StringType,true), StructField(ingestion_time,StringType,true), StructField(currency,StringType,true), StructField(exchange_rate,DoubleType,true), StructField(profit_amount,DoubleType,true), StructField(cost_price,DoubleType,true), StructField(order_status,StringType,true), StructField(payment_status,StringType,true), ... 12 more fields) AS data#13219]
      +- ~Project [cast(value#13210 as string) AS json_value#13216, topic#13211, partition#13212, offset#13213L, timestamp#13214 AS kafka_timestamp#13217]
         +- ~StreamingDataSourceV2ScanRelation[key#13209, value#13210, topic#13211, partition#13212, offset#13213L, timestamp#13214, timestampType#13215] KafkaTable


Physical Plan:
PhotonResultStage
+- PhotonColumnarToRow
   +- PhotonProject [data#13219.event_id AS event_id#13220, data#13219.transaction_id AS transaction_id#13221, data#13219.customer_id AS customer_id#13222, data#13219.merchant_id AS merchant_id#13223, data#13219.product_id AS product_id#13224, data#13219.product_name AS product_name#13225, data#13219.quantity AS quantity#13226, data#13219.unit_price AS unit_price#13227, data#13219.gross_amount AS gross_amount#13228, data#13219.discount_amount AS discount_amount#13229, data#13219.tax_amount AS tax_amount#13230, data#13219.net_amount AS net_amount#13231, data#13219.payment_method AS payment_method#13232, data#13219.city AS city#13233, data#13219.device_type AS device_type#13234, data#13219.event_type AS event_type#13235, data#13219.transaction_status AS transaction_status#13236, data#13219.event_time AS event_time#13237, data#13219.ingestion_time AS ingestion_time#13238, data#13219.currency AS currency#13239, data#13219.exchange_rate AS exchange_rate#13240, data#13219.profit_amount AS profit_amount#13241, data#13219.cost_price AS cost_price#13242, data#13219.order_status AS order_status#13243, data#13219.payment_status AS payment_status#13244, ... 12 more fields]
      +- PhotonProject [topic#13211, partition#13212, offset#13213L, timestamp#13214 AS kafka_timestamp#13217, from_json(StructField(event_id,StringType,true), StructField(transaction_id,StringType,true), StructField(customer_id,IntegerType,true), StructField(merchant_id,IntegerType,true), StructField(product_id,IntegerType,true), StructField(product_name,StringType,true), StructField(quantity,IntegerType,true), StructField(unit_price,DoubleType,true), StructField(gross_amount,DoubleType,true), StructField(discount_amount,DoubleType,true), StructField(tax_amount,DoubleType,true), StructField(net_amount,DoubleType,true), StructField(payment_method,StringType,true), StructField(city,StringType,true), StructField(device_type,StringType,true), StructField(event_type,StringType,true), StructField(transaction_status,StringType,true), StructField(event_time,StringType,true), StructField(ingestion_time,StringType,true), StructField(currency,StringType,true), StructField(exchange_rate,DoubleType,true), StructField(profit_amount,DoubleType,true), StructField(cost_price,DoubleType,true), StructField(order_status,StringType,true), StructField(payment_status,StringType,true), ... 12 more fields) AS data#13219]
         +- PhotonRowToColumnar
            +- MicroBatchScan[key#13209, value#13210, topic#13211, partition#13212, offset#13213L, timestamp#13214, timestampType#13215] class org.apache.spark.sql.kafka010.KafkaSourceProvider$KafkaScan


JVM stacktrace:
org.apache.spark.sql.streaming.StreamingQueryException
	at org.apache.spark.sql.execution.streaming.runtime.StreamExecution.$anonfun$runStream$1(StreamExecution.scala:589)
	at scala.runtime.java8.JFunction0$mcV$sp.apply(JFunction0$mcV$sp.scala:18)
	at com.databricks.logging.AttributionContextTracing.$anonfun$withAttributionContext$1(AttributionContextTracing.scala:147)
	at com.databricks.logging.AttributionContext$.$anonfun$withValue$1(AttributionContext.scala:349)
	at scala.util.DynamicVariable.withValue(DynamicVariable.scala:59)
	at com.databricks.logging.AttributionContext$.withValue(AttributionContext.scala:345)
	at com.databricks.logging.AttributionContextTracing.withAttributionContext(AttributionContextTracing.scala:145)
	at com.databricks.logging.AttributionContextTracing.withAttributionContext$(AttributionContextTracing.scala:142)
	at com.databricks.spark.util.PublicDBLogging.withAttributionContext(DatabricksSparkUsageLogger.scala:29)
	at com.databricks.logging.AttributionContextTracing.withAttributionTags(AttributionContextTracing.scala:202)
	at com.databricks.logging.AttributionContextTracing.withAttributionTags$(AttributionContextTracing.scala:183)
	at com.databricks.spark.util.PublicDBLogging.withAttributionTags(DatabricksSparkUsageLogger.scala:29)
	at com.databricks.spark.util.PublicDBLogging.withAttributionTags0(DatabricksSparkUsageLogger.scala:108)
	at com.databricks.spark.util.DatabricksSparkUsageLogger.withAttributionTags(DatabricksSparkUsageLogger.scala:215)
	at com.databricks.spark.util.UsageLogging.$anonfun$withAttributionTags$1(UsageLogger.scala:668)
	at com.databricks.spark.util.UsageLogging$.withAttributionTags(UsageLogger.scala:780)
	at com.databricks.spark.util.UsageLogging$.withAttributionTags(UsageLogger.scala:789)
	at com.databricks.spark.util.UsageLogging.withAttributionTags(UsageLogger.scala:668)
	at com.databricks.spark.util.UsageLogging.withAttributionTags$(UsageLogger.scala:666)
	at org.apache.spark.sql.execution.streaming.runtime.StreamExecution.withAttributionTags(StreamExecution.scala:96)
	at org.apache.spark.sql.execution.streaming.runtime.StreamExecution.org$apache$spark$sql$execution$streaming$runtime$StreamExecution$$runStream(StreamExecution.scala:386)
	at org.apache.spark.sql.execution.streaming.runtime.StreamExecution$$anon$1.$anonfun$run$2(StreamExecution.scala:305)
	at scala.runtime.java8.JFunction0$mcV$sp.apply(JFunction0$mcV$sp.scala:18)
	at com.databricks.unity.UCSEphemeralState$Handle.runWith(UCSEphemeralState.scala:51)
	at com.databricks.unity.HandleImpl.runWith(UCSHandle.scala:104)
	at com.databricks.unity.HandleImpl.$anonfun$runWithAndClose$1(UCSHandle.scala:109)
	at scala.util.Using$.resource(Using.scala:296)
	at com.databricks.unity.HandleImpl.runWithAndClose(UCSHandle.scala:108)
	at org.apache.spark.sql.execution.streaming.runtime.StreamExecution$$anon$1.run(StreamExecution.scala:305)
Caused by: com.databricks.sql.transaction.tahoe.DeltaAnalysisExceptionWithSubErrors: [DELTA_METADATA_MISMATCH] A metadata mismatch was detected when writing to the Delta table.
- A schema mismatch detected when writing to the Delta table (Table ID: 7831103a-de04-4071-b217-57d8e3dd1f21).
To enable schema migration using DataFrameWriter or DataStreamWriter, please set: '.option("mergeSchema", "true")'.
For other operations, set the session configuration spark.databricks.delta.schema.autoMerge.enabled to "true". See the documentation specific to the operation for details.

Table schema:
root
 |-- event_id: string (nullable = true)
 |-- transaction_id: string (nullable = true)
 |-- customer_id: integer (nullable = true)
 |-- merchant_id: integer (nullable = true)
 |-- product_id: integer (nullable = true)
 |-- product_name: string (nullable = true)
 |-- quantity: integer (nullable = true)
 |-- unit_price: double (nullable = true)
 |-- gross_amount: double (nullable = true)
 |-- discount_amount: double (nullable = true)
 |-- tax_amount: double (nullable = true)
 |-- net_amount: double (nullable = true)
 |-- payment_method: string (nullable = true)
 |-- city: string (nullable = true)
 |-- device_type: string (nullable = true)
 |-- event_type: string (nullable = true)
 |-- transaction_status: string (nullable = true)
 |-- event_time: string (nullable = true)
 |-- ingestion_time: string (nullable = true)
 |-- topic: string (nullable = true)
 |-- partition: integer (nullable = true)
 |-- offset: long (nullable = true)
 |-- kafka_timestamp: timestamp (nullable = true)


Data schema:
root
 |-- event_id: string (nullable = true)
 |-- transaction_id: string (nullable = true)
 |-- customer_id: integer (nullable = true)
 |-- merchant_id: integer (nullable = true)
 |-- product_id: integer (nullable = true)
 |-- product_name: string (nullable = true)
 |-- quantity: integer (nullable = true)
 |-- unit_price: double (nullable = true)
 |-- gross_amount: double (nullable = true)
 |-- discount_amount: double (nullable = true)
 |-- tax_amount: double (nullable = true)
 |-- net_amount: double (nullable = true)
 |-- payment_method: string (nullable = true)
 |-- city: string (nullable = true)
 |-- device_type: string (nullable = true)
 |-- event_type: string (nullable = true)
 |-- transaction_status: string (nullable = true)
 |-- event_time: string (nullable = true)
 |-- ingestion_time: string (nullable = true)
 |-- topic: string (nullable = true)
 |-- partition: integer (nullable = true)
 |-- offset: long (nullable = true)
 |-- kafka_timestamp: timestamp (nullable = true)
 |-- currency: string (nullable = true)
 |-- exchange_rate: double (nullable = true)
 |-- profit_amount: double (nullable = true)
 |-- cost_price: double (nullable = true)
 |-- order_status: string (nullable = true)
 |-- payment_status: string (nullable = true)
 |-- delivery_status: string (nullable = true)
 |-- refund_amount: double (nullable = true)
 |-- customer_segment: string (nullable = true)
 |-- is_first_purchase: string (nullable = true)
 |-- session_id: string (nullable = true)
 |-- state: string (nullable = true)
 |-- country: string (nullable = true)
 |-- zip_code: string (nullable = true)


- Table ACLs are enabled in this cluster, so automatic schema migration is not allowed. Please use the ALTER TABLE command for changing the schema.
	at com.databricks.sql.transaction.tahoe.MetadataMismatchErrorBuilder.finalizeAndThrow(DeltaErrors.scala:4486)
	at com.databricks.sql.transaction.tahoe.schema.ImplicitMetadataOperation.updateMetadata(ImplicitMetadataOperation.scala:232)
	at com.databricks.sql.transaction.tahoe.schema.ImplicitMetadataOperation.updateMetadata$(ImplicitMetadataOperation.scala:92)
	at com.databricks.sql.transaction.tahoe.sources.DeltaSink.updateMetadata(DeltaSink.scala:85)
	at com.databricks.sql.transaction.tahoe.sources.DeltaSink.init(DeltaSink.scala:268)
	at org.apache.spark.sql.execution.streaming.runtime.MicroBatchExecution.runBatch(MicroBatchExecution.scala:2704)
	at org.apache.spark.sql.execution.streaming.runtime.MicroBatchExecution.$anonfun$executeOneBatch$6(MicroBatchExecution.scala:1299)
	at org.apache.spark.sql.execution.streaming.runtime.MicroBatchExecution.handleDataSourceException(MicroBatchExecution.scala:3615)
	at org.apache.spark.sql.execution.streaming.runtime.MicroBatchExecution.$anonfun$executeOneBatch$5(MicroBatchExecution.scala:1299)
	at org.apache.spark.sql.execution.streaming.runtime.MicroBatchExecution.withSchemaEvolution(MicroBatchExecution.scala:3560)
	at org.apache.spark.sql.execution.streaming.runtime.MicroBatchExecution.$anonfun$executeOneBatch$4(MicroBatchExecution.scala:1295)
	at scala.runtime.java8.JFunction0$mcV$sp.apply(JFunction0$mcV$sp.scala:18)
	at com.databricks.spark.util.FrameProfiler$.$anonfun$record$1(FrameProfiler.scala:114)
	at com.databricks.spark.util.FrameProfilerExporter$.maybeExportFrameProfiler(FrameProfilerExporter.scala:201)
	at com.databricks.spark.util.FrameProfiler$.record(FrameProfiler.scala:105)
	at org.apache.spark.sql.execution.streaming.runtime.ProgressContext.reportTimeTaken(ProgressReporter.scala:340)
	at org.apache.spark.sql.execution.streaming.runtime.MicroBatchExecution.$anonfun$executeOneBatch$3(MicroBatchExecution.scala:1248)
	at scala.runtime.java8.JFunction0$mcV$sp.apply(JFunction0$mcV$sp.scala:18)
	at com.databricks.logging.AttributionContextTracing.$anonfun$withAttributionContext$1(AttributionContextTracing.scala:147)
	at com.databricks.logging.AttributionContext$.$anonfun$withValue$1(AttributionContext.scala:349)
	at scala.util.DynamicVariable.withValue(DynamicVariable.scala:59)
	at com.databricks.logging.AttributionContext$.withValue(AttributionContext.scala:345)
	at com.databricks.logging.AttributionContextTracing.withAttributionContext(AttributionContextTracing.scala:145)
	at com.databricks.logging.AttributionContextTracing.withAttributionContext$(AttributionContextTracing.scala:142)
	at com.databricks.spark.util.PublicDBLogging.withAttributionContext(DatabricksSparkUsageLogger.scala:29)
	at com.databricks.logging.AttributionContextTracing.withAttributionTags(AttributionContextTracing.scala:202)
	at com.databricks.logging.AttributionContextTracing.withAttributionTags$(AttributionContextTracing.scala:183)
	at com.databricks.spark.util.PublicDBLogging.withAttributionTags(DatabricksSparkUsageLogger.scala:29)
	at com.databricks.spark.util.PublicDBLogging.withAttributionTags0(DatabricksSparkUsageLogger.scala:108)
	at com.databricks.spark.util.DatabricksSparkUsageLogger.withAttributionTags(DatabricksSparkUsageLogger.scala:215)
	at com.databricks.spark.util.UsageLogging.$anonfun$withAttributionTags$1(UsageLogger.scala:668)
	at com.databricks.spark.util.UsageLogging$.withAttributionTags(UsageLogger.scala:780)
	at com.databricks.spark.util.UsageLogging$.withAttributionTags(UsageLogger.scala:789)
	at com.databricks.spark.util.UsageLogging.withAttributionTags(UsageLogger.scala:668)
	at com.databricks.spark.util.UsageLogging.withAttributionTags$(UsageLogger.scala:666)
	at org.apache.spark.sql.execution.streaming.runtime.StreamExecution.withAttributionTags(StreamExecution.scala:96)
	at org.apache.spark.sql.execution.streaming.runtime.MicroBatchExecution.executeOneBatch(MicroBatchExecution.scala:1242)
	at org.apache.spark.sql.execution.streaming.runtime.MicroBatchExecution.$anonfun$runActivatedStreamWithListener$1(MicroBatchExecution.scala:1203)
	at org.apache.spark.sql.execution.streaming.runtime.MicroBatchExecution.$anonfun$runActivatedStreamWithListener$1$adapted(MicroBatchExecution.scala:1203)
	at org.apache.spark.sql.execution.streaming.runtime.ConcurrentExecutor.$anonfun$runOneBatch$4(TriggerExecutor.scala:663)
	at org.apache.spark.util.threads.SparkThreadLocalCapturingRunnable.$anonfun$run$1(SparkThreadLocalForwardingThreadPoolExecutor.scala:171)
	at scala.runtime.java8.JFunction0$mcV$sp.apply(JFunction0$mcV$sp.scala:18)
	at com.databricks.logging.AttributionContext$.$anonfun$withValue$1(AttributionContext.scala:349)
	at scala.util.DynamicVariable.withValue(DynamicVariable.scala:59)
	at com.databricks.logging.AttributionContext$.withValue(AttributionContext.scala:345)
	at com.databricks.spark.util.DatabricksTracingHelper.$anonfun$withSpanFromParent$4(DatabricksSparkTracingHelper.scala:106)
	at com.databricks.util.TracingSpanUtils$.withTracing(TracingSpanUtils.scala:99)
	at com.databricks.spark.util.DatabricksTracingHelper.withSpanFromParent(DatabricksSparkTracingHelper.scala:104)
	at com.databricks.spark.util.DBRTracing$.withSpanFromParent(DBRTracing.scala:68)
	at org.apache.spark.util.threads.SparkThreadLocalCapturingHelper.$anonfun$runWithCaptured$7(SparkThreadLocalForwardingThreadPoolExecutor.scala:124)
	at com.databricks.util.LexicalThreadLocal$Handle.runWith(LexicalThreadLocal.scala:63)
	at org.apache.spark.util.threads.SparkThreadLocalCapturingHelper.$anonfun$runWithCaptured$6(SparkThreadLocalForwardingThreadPoolExecutor.scala:123)
	at com.databricks.sql.transaction.tahoe.mst.MSTThreadHelper$.runWithMSTContext(MSTThreadHelper.scala:60)
	at org.apache.spark.util.threads.SparkThreadLocalCapturingHelper.$anonfun$runWithCaptured$5(SparkThreadLocalForwardingThreadPoolExecutor.scala:120)
	at com.databricks.spark.util.IdentityClaim$.withClaim(IdentityClaim.scala:48)
	at org.apache.spark.util.threads.SparkThreadLocalCapturingHelper.$anonfun$runWithCaptured$4(SparkThreadLocalForwardingThreadPoolExecutor.scala:119)
	at com.databricks.unity.UCSEphemeralState$Handle.runWith(UCSEphemeralState.scala:51)
	at org.apache.spark.util.threads.SparkThreadLocalCapturingHelper.runWithCaptured(SparkThreadLocalForwardingThreadPoolExecutor.scala:118)
	at org.apache.spark.util.threads.SparkThreadLocalCapturingHelper.runWithCaptured$(SparkThreadLocalForwardingThreadPoolExecutor.scala:95)
	at org.apache.spark.util.threads.SparkThreadLocalCapturingRunnable.runWithCaptured(SparkThreadLocalForwardingThreadPoolExecutor.scala:168)
	at org.apache.spark.util.threads.SparkThreadLocalCapturingRunnable.run(SparkThreadLocalForwardingThreadPoolExecutor.scala:171)
	at java.util.concurrent.ThreadPoolExecutor.runWorker(ThreadPoolExecutor.java:1136)
	at java.util.concurrent.ThreadPoolExecutor$Worker.run(ThreadPoolExecutor.java:635)
	at java.lang.Thread.run(Thread.java:840)
2026-04-11 19:49:17,136 | pyspark_streaming/bronze | INFO | Creating spark session
2026-04-11 19:49:17,138 | pyspark_streaming/bronze | INFO | Spark session created successfully
2026-04-11 19:49:17,139 | pyspark_streaming/bronze | INFO | Reading from kafka
2026-04-11 19:49:17,140 | pyspark_streaming/bronze | INFO | Read data from kafka successfully
2026-04-11 19:49:17,140 | pyspark_streaming/bronze | INFO | Parsing kafka data
2026-04-11 19:49:17,142 | pyspark_streaming/bronze | INFO | Kafka data parsed successfully
2026-04-11 19:49:17,142 | pyspark_streaming/bronze | INFO | Starting write stream to Delta
2026-04-11 19:49:18,102 | pyspark_streaming/bronze | INFO | Streaming query started successfully
2026-04-11 20:13:34,097 | pyspark_streaming/bronze | INFO | Creating spark session
2026-04-11 20:13:34,100 | pyspark_streaming/bronze | INFO | Spark session created successfully
2026-04-11 20:13:34,100 | pyspark_streaming/bronze | INFO | Reading from kafka
2026-04-11 20:13:34,101 | pyspark_streaming/bronze | INFO | Read data from kafka successfully
2026-04-11 20:13:34,102 | pyspark_streaming/bronze | INFO | Parsing kafka data
2026-04-11 20:13:34,103 | pyspark_streaming/bronze | INFO | Kafka data parsed successfully
2026-04-11 20:13:34,104 | pyspark_streaming/bronze | INFO | Starting write stream to Delta
2026-04-11 20:13:35,308 | pyspark_streaming/bronze | INFO | Streaming query started successfully
2026-04-11 20:19:09,117 | pyspark_streaming/bronze | INFO | Creating spark session
2026-04-11 20:19:09,119 | pyspark_streaming/bronze | INFO | Spark session created successfully
2026-04-11 20:19:09,120 | pyspark_streaming/bronze | INFO | Reading from kafka
2026-04-11 20:19:09,120 | pyspark_streaming/bronze | INFO | Read data from kafka successfully
2026-04-11 20:19:09,121 | pyspark_streaming/bronze | INFO | Parsing kafka data
2026-04-11 20:19:09,122 | pyspark_streaming/bronze | INFO | Kafka data parsed successfully
2026-04-11 20:19:09,123 | pyspark_streaming/bronze | INFO | Starting write stream to Delta
2026-04-11 20:19:12,038 | pyspark_streaming/bronze | INFO | Streaming query started successfully
