2026-04-12 09:01:01,251 | pyspark_streaming/gold | INFO | Creating Spark session for Gold layer
2026-04-12 09:01:01,253 | pyspark_streaming/gold | INFO | Spark session created successfully
2026-04-12 09:01:01,254 | pyspark_streaming/gold | INFO | Reading data from silver Layer data
2026-04-12 09:01:01,255 | pyspark_streaming/gold | INFO | Data read successfully from Silver layer
2026-04-12 09:01:01,257 | pyspark_streaming/gold | INFO | Creating dim_customer table
2026-04-12 09:01:01,365 | pyspark_streaming/gold | ERROR | Error creating dim_customer table: [NOT_LIST_OR_TUPLE] Argument `subset` should be a list or tuple, got str.
Traceback (most recent call last):
  File "/Workspace/Repos/gnavin478@gmail.com/Realtime-Transaction-Pipeline/pyspark_streaming/gold/gold_aggregation.py", line 49, in create_dim_customer
    .dropDuplicates("customer_id")
     ^^^^^^^^^^^^^^^^^^^^^^^^^^^^^
  File "/databricks/python/lib/python3.12/site-packages/pyspark/sql/connect/dataframe.py", line 484, in dropDuplicates
    raise PySparkTypeError(
pyspark.errors.exceptions.base.PySparkTypeError: [NOT_LIST_OR_TUPLE] Argument `subset` should be a list or tuple, got str.
2026-04-12 09:02:45,771 | pyspark_streaming/gold | INFO | Creating Spark session for Gold layer
2026-04-12 09:02:45,773 | pyspark_streaming/gold | INFO | Spark session created successfully
2026-04-12 09:02:45,773 | pyspark_streaming/gold | INFO | Reading data from silver Layer data
2026-04-12 09:02:45,774 | pyspark_streaming/gold | INFO | Data read successfully from Silver layer
2026-04-12 09:02:45,774 | pyspark_streaming/gold | INFO | Creating dim_customer table
2026-04-12 09:02:45,775 | pyspark_streaming/gold | INFO | dim_customer table created successfully
2026-04-12 09:02:45,776 | pyspark_streaming/gold | INFO | Creating dim_product
2026-04-12 09:02:45,777 | pyspark_streaming/gold | INFO | Creating dim_payment
2026-04-12 09:02:45,778 | pyspark_streaming/gold | INFO | Creating dim_location
2026-04-12 09:02:45,780 | pyspark_streaming/gold | INFO | Creating dim_date
2026-04-12 09:02:45,781 | pyspark_streaming/gold | ERROR | Error creating dim_date: name 'year' is not defined
Traceback (most recent call last):
  File "/Workspace/Repos/gnavin478@gmail.com/Realtime-Transaction-Pipeline/pyspark_streaming/gold/gold_aggregation.py", line 132, in create_dim_date
    .withColumn("year", year(col("event_time")))
                        ^^^^
NameError: name 'year' is not defined
2026-04-12 09:03:56,942 | pyspark_streaming/gold | INFO | Creating Spark session for Gold layer
2026-04-12 09:03:56,944 | pyspark_streaming/gold | INFO | Spark session created successfully
2026-04-12 09:03:56,945 | pyspark_streaming/gold | INFO | Reading data from silver Layer data
2026-04-12 09:03:56,945 | pyspark_streaming/gold | INFO | Data read successfully from Silver layer
2026-04-12 09:03:56,946 | pyspark_streaming/gold | INFO | Creating dim_customer table
2026-04-12 09:03:56,947 | pyspark_streaming/gold | INFO | dim_customer table created successfully
2026-04-12 09:03:56,948 | pyspark_streaming/gold | INFO | Creating dim_product
2026-04-12 09:03:56,949 | pyspark_streaming/gold | INFO | Creating dim_payment
2026-04-12 09:03:56,950 | pyspark_streaming/gold | INFO | Creating dim_location
2026-04-12 09:03:56,952 | pyspark_streaming/gold | INFO | Creating dim_date
2026-04-12 09:03:56,953 | pyspark_streaming/gold | INFO | Creating fact_transactions
2026-04-12 09:03:56,955 | pyspark_streaming/gold | INFO | Writing data to Gold table: dim_customer
2026-04-12 09:04:55,178 | pyspark_streaming/gold | INFO | Successfully written data to Gold table: dim_customer
2026-04-12 09:04:55,179 | pyspark_streaming/gold | INFO | Writing data to Gold table: dim_product
2026-04-12 09:05:41,665 | pyspark_streaming/gold | INFO | Successfully written data to Gold table: dim_product
2026-04-12 09:05:41,666 | pyspark_streaming/gold | INFO | Writing data to Gold table: dim_payment
2026-04-12 09:06:22,014 | pyspark_streaming/gold | INFO | Successfully written data to Gold table: dim_payment
2026-04-12 09:06:22,015 | pyspark_streaming/gold | INFO | Writing data to Gold table: dim_location
2026-04-12 09:06:55,823 | pyspark_streaming/gold | INFO | Successfully written data to Gold table: dim_location
2026-04-12 09:06:55,824 | pyspark_streaming/gold | INFO | Writing data to Gold table: dim_date
2026-04-12 09:07:17,092 | pyspark_streaming/gold | INFO | Successfully written data to Gold table: dim_date
2026-04-12 09:07:17,093 | pyspark_streaming/gold | INFO | Writing data to Gold table: fact_transactions
2026-04-12 09:07:40,458 | pyspark_streaming/gold | INFO | Successfully written data to Gold table: fact_transactions
